Archive member included to satisfy reference by file (symbol)

D:/STM32CubeIDE_1.19.0/STM32CubeIDE/plugins/com.st.stm32cube.ide.mcu.externaltools.gnu-tools-for-stm32.13.3.rel1.win32_1.0.0.202411081344/tools/bin/../lib/gcc/arm-none-eabi/13.3.1/../../../../arm-none-eabi/lib/thumb/v7e-m+fp/hard\libc_nano.a(libc_a-exit.o)
                              D:/STM32CubeIDE_1.19.0/STM32CubeIDE/plugins/com.st.stm32cube.ide.mcu.externaltools.gnu-tools-for-stm32.13.3.rel1.win32_1.0.0.202411081344/tools/bin/../lib/gcc/arm-none-eabi/13.3.1/../../../../arm-none-eabi/lib/thumb/v7e-m+fp/hard/crt0.o (exit)
D:/STM32CubeIDE_1.19.0/STM32CubeIDE/plugins/com.st.stm32cube.ide.mcu.externaltools.gnu-tools-for-stm32.13.3.rel1.win32_1.0.0.202411081344/tools/bin/../lib/gcc/arm-none-eabi/13.3.1/../../../../arm-none-eabi/lib/thumb/v7e-m+fp/hard\libc_nano.a(libc_a-findfp.o)
                              D:/STM32CubeIDE_1.19.0/STM32CubeIDE/plugins/com.st.stm32cube.ide.mcu.externaltools.gnu-tools-for-stm32.13.3.rel1.win32_1.0.0.202411081344/tools/bin/../lib/gcc/arm-none-eabi/13.3.1/../../../../arm-none-eabi/lib/thumb/v7e-m+fp/hard\libc_nano.a(libc_a-exit.o) (__stdio_exit_handler)
D:/STM32CubeIDE_1.19.0/STM32CubeIDE/plugins/com.st.stm32cube.ide.mcu.externaltools.gnu-tools-for-stm32.13.3.rel1.win32_1.0.0.202411081344/tools/bin/../lib/gcc/arm-none-eabi/13.3.1/../../../../arm-none-eabi/lib/thumb/v7e-m+fp/hard\libc_nano.a(libc_a-fwalk.o)
                              D:/STM32CubeIDE_1.19.0/STM32CubeIDE/plugins/com.st.stm32cube.ide.mcu.externaltools.gnu-tools-for-stm32.13.3.rel1.win32_1.0.0.202411081344/tools/bin/../lib/gcc/arm-none-eabi/13.3.1/../../../../arm-none-eabi/lib/thumb/v7e-m+fp/hard\libc_nano.a(libc_a-findfp.o) (_fwalk_sglue)
D:/STM32CubeIDE_1.19.0/STM32CubeIDE/plugins/com.st.stm32cube.ide.mcu.externaltools.gnu-tools-for-stm32.13.3.rel1.win32_1.0.0.202411081344/tools/bin/../lib/gcc/arm-none-eabi/13.3.1/../../../../arm-none-eabi/lib/thumb/v7e-m+fp/hard\libc_nano.a(libc_a-stdio.o)
                              D:/STM32CubeIDE_1.19.0/STM32CubeIDE/plugins/com.st.stm32cube.ide.mcu.externaltools.gnu-tools-for-stm32.13.3.rel1.win32_1.0.0.202411081344/tools/bin/../lib/gcc/arm-none-eabi/13.3.1/../../../../arm-none-eabi/lib/thumb/v7e-m+fp/hard\libc_nano.a(libc_a-findfp.o) (__sread)
D:/STM32CubeIDE_1.19.0/STM32CubeIDE/plugins/com.st.stm32cube.ide.mcu.externaltools.gnu-tools-for-stm32.13.3.rel1.win32_1.0.0.202411081344/tools/bin/../lib/gcc/arm-none-eabi/13.3.1/../../../../arm-none-eabi/lib/thumb/v7e-m+fp/hard\libc_nano.a(libc_a-memset.o)
                              D:/STM32CubeIDE_1.19.0/STM32CubeIDE/plugins/com.st.stm32cube.ide.mcu.externaltools.gnu-tools-for-stm32.13.3.rel1.win32_1.0.0.202411081344/tools/bin/../lib/gcc/arm-none-eabi/13.3.1/../../../../arm-none-eabi/lib/thumb/v7e-m+fp/hard/crt0.o (memset)
D:/STM32CubeIDE_1.19.0/STM32CubeIDE/plugins/com.st.stm32cube.ide.mcu.externaltools.gnu-tools-for-stm32.13.3.rel1.win32_1.0.0.202411081344/tools/bin/../lib/gcc/arm-none-eabi/13.3.1/../../../../arm-none-eabi/lib/thumb/v7e-m+fp/hard\libc_nano.a(libc_a-closer.o)
                              D:/STM32CubeIDE_1.19.0/STM32CubeIDE/plugins/com.st.stm32cube.ide.mcu.externaltools.gnu-tools-for-stm32.13.3.rel1.win32_1.0.0.202411081344/tools/bin/../lib/gcc/arm-none-eabi/13.3.1/../../../../arm-none-eabi/lib/thumb/v7e-m+fp/hard\libc_nano.a(libc_a-stdio.o) (_close_r)
D:/STM32CubeIDE_1.19.0/STM32CubeIDE/plugins/com.st.stm32cube.ide.mcu.externaltools.gnu-tools-for-stm32.13.3.rel1.win32_1.0.0.202411081344/tools/bin/../lib/gcc/arm-none-eabi/13.3.1/../../../../arm-none-eabi/lib/thumb/v7e-m+fp/hard\libc_nano.a(libc_a-reent.o)
                              D:/STM32CubeIDE_1.19.0/STM32CubeIDE/plugins/com.st.stm32cube.ide.mcu.externaltools.gnu-tools-for-stm32.13.3.rel1.win32_1.0.0.202411081344/tools/bin/../lib/gcc/arm-none-eabi/13.3.1/../../../../arm-none-eabi/lib/thumb/v7e-m+fp/hard\libc_nano.a(libc_a-closer.o) (errno)
D:/STM32CubeIDE_1.19.0/STM32CubeIDE/plugins/com.st.stm32cube.ide.mcu.externaltools.gnu-tools-for-stm32.13.3.rel1.win32_1.0.0.202411081344/tools/bin/../lib/gcc/arm-none-eabi/13.3.1/../../../../arm-none-eabi/lib/thumb/v7e-m+fp/hard\libc_nano.a(libc_a-impure.o)
                              D:/STM32CubeIDE_1.19.0/STM32CubeIDE/plugins/com.st.stm32cube.ide.mcu.externaltools.gnu-tools-for-stm32.13.3.rel1.win32_1.0.0.202411081344/tools/bin/../lib/gcc/arm-none-eabi/13.3.1/../../../../arm-none-eabi/lib/thumb/v7e-m+fp/hard\libc_nano.a(libc_a-reent.o) (_impure_ptr)
D:/STM32CubeIDE_1.19.0/STM32CubeIDE/plugins/com.st.stm32cube.ide.mcu.externaltools.gnu-tools-for-stm32.13.3.rel1.win32_1.0.0.202411081344/tools/bin/../lib/gcc/arm-none-eabi/13.3.1/../../../../arm-none-eabi/lib/thumb/v7e-m+fp/hard\libc_nano.a(libc_a-lseekr.o)
[...]
Memory Configuration

Name             Origin             Length             Attributes
CCMRAM           0x10000000         0x00010000         xrw
RAM              0x20000000         0x00020000         xrw
FLASH            0x08010000         0x000f0000         xr
*default*        0x00000000         0xffffffff

Linker script and memory map

LOAD D:/STM32CubeIDE_1.19.0/STM32CubeIDE/plugins/com.st.stm32cube.ide.mcu.externaltools.gnu-tools-for-stm32.13.3.rel1.win32_1.0.0.202411081344/tools/bin/../lib/gcc/arm-none-eabi/13.3.1/thumb/v7e-m+fp/hard/crti.o
LOAD D:/STM32CubeIDE_1.19.0/STM32CubeIDE/plugins/com.st.stm32cube.ide.mcu.externaltools.gnu-tools-for-stm32.13.3.rel1.win32_1.0.0.202411081344/tools/bin/../lib/gcc/arm-none-eabi/13.3.1/thumb/v7e-m+fp/hard/crtbegin.o
LOAD D:/STM32CubeIDE_1.19.0/STM32CubeIDE/plugins/com.st.stm32cube.ide.mcu.externaltools.gnu-tools-for-stm32.13.3.rel1.win32_1.0.0.202411081344/tools/bin/../lib/gcc/arm-none-eabi/13.3.1/../../../../arm-none-eabi/lib/thumb/v7e-m+fp/hard/crt0.o
LOAD ./Core/Src/main.o
LOAD ./Core/Src/stm32f4xx_hal_msp.o
LOAD ./Core/Src/stm32f4xx_it.o
LOAD ./Core/Src/syscalls.o
LOAD ./Core/Src/sysmem.o
LOAD ./Core/Src/system_stm32f4xx.o
LOAD ./Core/Startup/startup_stm32f407vgtx.o
LOAD ./Drivers/STM32F4xx_HAL_Driver/Src/stm32f4xx_hal.o
LOAD ./Drivers/STM32F4xx_HAL_Driver/Src/stm32f4xx_hal_cortex.o
LOAD ./Drivers/STM32F4xx_HAL_Driver/Src/stm32f4xx_hal_dma.o
LOAD ./Drivers/STM32F4xx_HAL_Driver/Src/stm32f4xx_hal_dma_ex.o
LOAD ./Drivers/STM32F4xx_HAL_Driver/Src/stm32f4xx_hal_exti.o
LOAD ./Drivers/STM32F4xx_HAL_Driver/Src/stm32f4xx_hal_flash.o
LOAD ./Drivers/STM32F4xx_HAL_Driver/Src/stm32f4xx_hal_flash_ex.o
LOAD ./Drivers/STM32F4xx_HAL_Driver/Src/stm32f4xx_hal_flash_ramfunc.o
LOAD ./Drivers/STM32F4xx_HAL_Driver/Src/stm32f4xx_hal_gpio.o
LOAD ./Drivers/STM32F4xx_HAL_Driver/Src/stm32f4xx_hal_i2c.o
LOAD ./Drivers/STM32F4xx_HAL_Driver/Src/stm32f4xx_hal_i2c_ex.o
LOAD ./Drivers/STM32F4xx_HAL_Driver/Src/stm32f4xx_hal_i2s.o
LOAD ./Drivers/STM32F4xx_HAL_Driver/Src/stm32f4xx_hal_i2s_ex.o
LOAD ./Drivers/STM32F4xx_HAL_Driver/Src/stm32f4xx_hal_pcd.o
LOAD ./Drivers/STM32F4xx_HAL_Driver/Src/stm32f4xx_hal_pcd_ex.o
LOAD ./Drivers/STM32F4xx_HAL_Driver/Src/stm32f4xx_hal_pwr.o
LOAD ./Drivers/STM32F4xx_HAL_Driver/Src/stm32f4xx_hal_pwr_ex.o
LOAD ./Drivers/STM32F4xx_HAL_Driver/Src/stm32f4xx_hal_rcc.o
LOAD ./Drivers/STM32F4xx_HAL_Driver/Src/stm32f4xx_hal_rcc_ex.o
LOAD ./Drivers/STM32F4xx_HAL_Driver/Src/stm32f4xx_hal_spi.o
LOAD ./Drivers/STM32F4xx_HAL_Driver/Src/stm32f4xx_ll_usb.o
LOAD ./Middlewares/ST/STM32_USB_Device_Library/Class/CDC/Src/usbd_cdc.o
LOAD ./Middlewares/ST/STM32_USB_Device_Library/Core/Src/usbd_core.o
LOAD ./Middlewares/ST/STM32_USB_Device_Library/Core/Src/usbd_ctlreq.o
LOAD ./Middlewares/ST/STM32_USB_Device_Library/Core/Src/usbd_ioreq.o
LOAD ./USB_DEVICE/App/usb_device.o
LOAD ./USB_DEVICE/App/usbd_cdc_if.o
LOAD ./USB_DEVICE/App/usbd_desc.o
LOAD ./USB_DEVICE/Target/usbd_conf.o
START GROUP
LOAD D:/STM32CubeIDE_1.19.0/STM32CubeIDE/plugins/com.st.stm32cube.ide.mcu.externaltools.gnu-tools-for-stm32.13.3.rel1.win32_1.0.0.202411081344/tools/bin/../lib/gcc/arm-none-eabi/13.3.1/../../../../arm-none-eabi/lib/thumb/v7e-m+fp/hard\libc_nano.a
LOAD D:/STM32CubeIDE_1.19.0/STM32CubeIDE/plugins/com.st.stm32cube.ide.mcu.externaltools.gnu-tools-for-stm32.13.3.rel1.win32_1.0.0.202411081344/tools/bin/../lib/gcc/arm-none-eabi/13.3.1/../../../../arm-none-eabi/lib/thumb/v7e-m+fp/hard\libm.a
END GROUP
START GROUP
LOAD D:/STM32CubeIDE_1.19.0/STM32CubeIDE/plugins/com.st.stm32cube.ide.mcu.externaltools.gnu-tools-for-stm32.13.3.rel1.win32_1.0.0.202411081344/tools/bin/../lib/gcc/arm-none-eabi/13.3.1/thumb/v7e-m+fp/hard\libgcc.a
LOAD D:/STM32CubeIDE_1.19.0/STM32CubeIDE/plugins/com.st.stm32cube.ide.mcu.externaltools.gnu-tools-for-stm32.13.3.rel1.win32_1.0.0.202411081344/tools/bin/../lib/gcc/arm-none-eabi/13.3.1/../../../../arm-none-eabi/lib/thumb/v7e-m+fp/hard\libc_nano.a
END GROUP
START GROUP
LOAD D:/STM32CubeIDE_1.19.0/STM32CubeIDE/plugins/com.st.stm32cube.ide.mcu.externaltools.gnu-tools-for-stm32.13.3.rel1.win32_1.0.0.202411081344/tools/bin/../lib/gcc/arm-none-eabi/13.3.1/thumb/v7e-m+fp/hard\libgcc.a
LOAD D:/STM32CubeIDE_1.19.0/STM32CubeIDE/plugins/com.st.stm32cube.ide.mcu.externaltools.gnu-tools-for-stm32.13.3.rel1.win32_1.0.0.202411081344/tools/bin/../lib/gcc/arm-none-eabi/13.3.1/../../../../arm-none-eabi/lib/thumb/v7e-m+fp/hard\libc_nano.a
LOAD D:/STM32CubeIDE_1.19.0/STM32CubeIDE/plugins/com.st.stm32cube.ide.mcu.externaltools.gnu-tools-for-stm32.13.3.rel1.win32_1.0.0.202411081344/tools/bin/../lib/gcc/arm-none-eabi/13.3.1/../../../../arm-none-eabi/lib/thumb/v7e-m+fp/hard\libnosys.a
END GROUP
START GROUP
LOAD D:/STM32CubeIDE_1.19.0/STM32CubeIDE/plugins/com.st.stm32cube.ide.mcu.externaltools.gnu-tools-for-stm32.13.3.rel1.win32_1.0.0.202411081344/tools/bin/../lib/gcc/arm-none-eabi/13.3.1/thumb/v7e-m+fp/hard\libgcc.a
LOAD D:/STM32CubeIDE_1.19.0/STM32CubeIDE/plugins/com.st.stm32cube.ide.mcu.externaltools.gnu-tools-for-stm32.13.3.rel1.win32_1.0.0.202411081344/tools/bin/../lib/gcc/arm-none-eabi/13.3.1/../../../../arm-none-eabi/lib/thumb/v7e-m+fp/hard\libc_nano.a
LOAD D:/STM32CubeIDE_1.19.0/STM32CubeIDE/plugins/com.st.stm32cube.ide.mcu.externaltools.gnu-tools-for-stm32.13.3.rel1.win32_1.0.0.202411081344/tools/bin/../lib/gcc/arm-none-eabi/13.3.1/../../../../arm-none-eabi/lib/thumb/v7e-m+fp/hard\libnosys.a
END GROUP
LOAD D:/STM32CubeIDE_1.19.0/STM32CubeIDE/plugins/com.st.stm32cube.ide.mcu.externaltools.gnu-tools-for-stm32.13.3.rel1.win32_1.0.0.202411081344/tools/bin/../lib/gcc/arm-none-eabi/13.3.1/thumb/v7e-m+fp/hard/crtend.o
LOAD D:/STM32CubeIDE_1.19.0/STM32CubeIDE/plugins/com.st.stm32cube.ide.mcu.externaltools.gnu-tools-for-stm32.13.3.rel1.win32_1.0.0.202411081344/tools/bin/../lib/gcc/arm-none-eabi/13.3.1/thumb/v7e-m+fp/hard/crtn.o
                0x2001fffc                        _bflag = ((ORIGIN (RAM) + LENGTH (RAM)) - 0x4)
                0x2001fffc                        _estack = _bflag
                0x00000200                        _Min_Heap_Size = 0x200
                0x00000400                        _Min_Stack_Size = 0x400

.isr_vector     0x08010000      0x188
                0x08010000                        . = ALIGN (0x4)
 *(.isr_vector)
 .isr_vector    0x08010000      0x188 ./Core/Startup/startup_stm32f407vgtx.o
                0x08010000                g_pfnVectors
                0x08010188                        . = ALIGN (0x4)

.text           0x08010188     0x7f78
                0x08010188                        . = ALIGN (0x4)
 *(.text)
 .text          0x08010188       0x40 D:/STM32CubeIDE_1.19.0/STM32CubeIDE/plugins/com.st.stm32cube.ide.mcu.externaltools.gnu-tools-for-stm32.13.3.rel1.win32_1.0.0.202411081344/tools/bin/../lib/gcc/arm-none-eabi/13.3.1/thumb/v7e-m+fp/hard/crtbegin.o
 .text          0x080101c8       0x30 D:/STM32CubeIDE_1.19.0/STM32CubeIDE/plugins/com.st.stm32cube.ide.mcu.externaltools.gnu-tools-for-stm32.13.3.rel1.win32_1.0.0.202411081344/tools/bin/../lib/gcc/arm-none-eabi/13.3.1/thumb/v7e-m+fp/hard\libgcc.a(_aeabi_uldivmod.o)
                0x080101c8                __aeabi_uldivmod
 .text          0x080101f8      0x2f8 D:/STM32CubeIDE_1.19.0/STM32CubeIDE/plugins/com.st.stm32cube.ide.mcu.externaltools.gnu-tools-for-stm32.13.3.rel1.win32_1.0.0.202411081344/tools/bin/../lib/gcc/arm-none-eabi/13.3.1/thumb/v7e-m+fp/hard\libgcc.a(_udivmoddi4.o)
                0x080101f8                __udivmoddi4
 .text          0x080104f0        0x4 D:/STM32CubeIDE_1.19.0/STM32CubeIDE/plugins/com.st.stm32cube.ide.mcu.externaltools.gnu-tools-for-stm32.13.3.rel1.win32_1.0.0.202411081344/tools/bin/../lib/gcc/arm-none-eabi/13.3.1/thumb/v7e-m+fp/hard\libgcc.a(_dvmd_tls.o)
                0x080104f0                __aeabi_idiv0
                0x080104f0                __aeabi_ldiv0
 *(.text*)
 .text.main     0x080104f4       0x38 ./Core/Src/main.o
                0x080104f4                main
 .text.SystemClock_Config
                0x0801052c       0xd4 ./Core/Src/main.o
                0x0801052c                SystemClock_Config
 .text.MX_I2C1_Init
                0x08010600       0x5c ./Core/Src/main.o
 .text.MX_I2S3_Init
                0x0801065c       0x60 ./Core/Src/main.o
 .text.MX_SPI1_Init
                0x080106bc       0x6c ./Core/Src/main.o
 .text.MX_GPIO_Init
                0x08010728      0x1fc ./Core/Src/main.o
 .text.Error_Handler
                0x08010924        0xc ./Core/Src/main.o
                0x08010924                Error_Handler
 .text.HAL_MspInit
                0x08010930       0x50 ./Core/Src/stm32f4xx_hal_msp.o
                0x08010930                HAL_MspInit
 .text.HAL_I2C_MspInit
                0x08010980       0x90 ./Core/Src/stm32f4xx_hal_msp.o
                0x08010980                HAL_I2C_MspInit
 .text.HAL_I2S_MspInit
                0x08010a10      0x100 ./Core/Src/stm32f4xx_hal_msp.o
                0x08010a10                HAL_I2S_MspInit
 .text.HAL_SPI_MspInit
                0x08010b10       0x90 ./Core/Src/stm32f4xx_hal_msp.o
                0x08010b10                HAL_SPI_MspInit
 .text.NMI_Handler
                0x08010ba0        0x8 ./Core/Src/stm32f4xx_it.o
                0x08010ba0                NMI_Handler
 .text.HardFault_Handler
                0x08010ba8        0x8 ./Core/Src/stm32f4xx_it.o
                0x08010ba8                HardFault_Handler
 .text.MemManage_Handler
                0x08010bb0        0x8 ./Core/Src/stm32f4xx_it.o
                0x08010bb0                MemManage_Handler
 .text.BusFault_Handler
                0x08010bb8        0x8 ./Core/Src/stm32f4xx_it.o
                0x08010bb8                BusFault_Handler
 .text.UsageFault_Handler
                0x08010bc0        0x8 ./Core/Src/stm32f4xx_it.o
                0x08010bc0                UsageFault_Handler
 .text.SVC_Handler
                0x08010bc8        0xe ./Core/Src/stm32f4xx_it.o
                0x08010bc8                SVC_Handler
 .text.DebugMon_Handler
                0x08010bd6        0xe ./Core/Src/stm32f4xx_it.o
                0x08010bd6                DebugMon_Handler
 .text.PendSV_Handler
                0x08010be4        0xe ./Core/Src/stm32f4xx_it.o
                0x08010be4                PendSV_Handler
 .text.SysTick_Handler
                0x08010bf2        0xc ./Core/Src/stm32f4xx_it.o
                0x08010bf2                SysTick_Handler
 *fill*         0x08010bfe        0x2 
 .text.OTG_FS_IRQHandler
                0x08010c00       0x14 ./Core/Src/stm32f4xx_it.o
                0x08010c00                OTG_FS_IRQHandler
 .text.SystemInit
                0x08010c14       0x2c ./Core/Src/system_stm32f4xx.o
                0x08010c14                SystemInit
 .text.Reset_Handler
                0x08010c40       0x50 ./Core/Startup/startup_stm32f407vgtx.o
                0x08010c40                Reset_Handler
 .text.Default_Handler
                0x08010c90        0x2 ./Core/Startup/startup_stm32f407vgtx.o
                0x08010c90                RTC_Alarm_IRQHandler
                0x08010c90                HASH_RNG_IRQHandler
                0x08010c90                EXTI2_IRQHandler
                0x08010c90                TIM8_CC_IRQHandler
                0x08010c90                TIM1_CC_IRQHandler
                0x08010c90                DMA2_Stream5_IRQHandler
                0x08010c90                DMA1_Stream5_IRQHandler
                0x08010c90                PVD_IRQHandler
                0x08010c90                SDIO_IRQHandler
                0x08010c90                TAMP_STAMP_IRQHandler
                0x08010c90                CAN2_RX1_IRQHandler
                0x08010c90                EXTI3_IRQHandler
                0x08010c90                TIM8_TRG_COM_TIM14_IRQHandler
                0x08010c90                TIM1_UP_TIM10_IRQHandler
                0x08010c90                TIM8_UP_TIM13_IRQHandler
                0x08010c90                I2C3_ER_IRQHandler
                0x08010c90                EXTI0_IRQHandler
                0x08010c90                I2C2_EV_IRQHandler
                0x08010c90                DMA1_Stream2_IRQHandler
                0x08010c90                CAN1_RX0_IRQHandler
                0x08010c90                FPU_IRQHandler
                0x08010c90                OTG_HS_WKUP_IRQHandler
                0x08010c90                CAN2_SCE_IRQHandler
                0x08010c90                DMA2_Stream2_IRQHandler
                0x08010c90                SPI1_IRQHandler
                0x08010c90                TIM6_DAC_IRQHandler
                0x08010c90                TIM1_BRK_TIM9_IRQHandler
                0x08010c90                DCMI_IRQHandler
                0x08010c90                CAN2_RX0_IRQHandler
                0x08010c90                DMA2_Stream3_IRQHandler
                0x08010c90                USART6_IRQHandler
                0x08010c90                USART3_IRQHandler
                0x08010c90                CAN1_RX1_IRQHandler
                0x08010c90                UART5_IRQHandler
                0x08010c90                DMA2_Stream0_IRQHandler
                0x08010c90                TIM4_IRQHandler
                0x08010c90                I2C1_EV_IRQHandler
                0x08010c90                DMA1_Stream6_IRQHandler
                0x08010c90                DMA1_Stream1_IRQHandler
                0x08010c90                UART4_IRQHandler
                0x08010c90                TIM3_IRQHandler
                0x08010c90                RCC_IRQHandler
                0x08010c90                TIM8_BRK_TIM12_IRQHandler
                0x08010c90                Default_Handler
                0x08010c90                EXTI15_10_IRQHandler
                0x08010c90                ADC_IRQHandler
                0x08010c90                DMA1_Stream7_IRQHandler
                0x08010c90                TIM7_IRQHandler
                0x08010c90                CAN2_TX_IRQHandler
                0x08010c90                TIM5_IRQHandler
                0x08010c90                DMA2_Stream7_IRQHandler
                0x08010c90                I2C3_EV_IRQHandler
                0x08010c90                EXTI9_5_IRQHandler
                0x08010c90                RTC_WKUP_IRQHandler
                0x08010c90                ETH_WKUP_IRQHandler
                0x08010c90                SPI2_IRQHandler
                0x08010c90                OTG_HS_EP1_IN_IRQHandler
                0x08010c90                DMA1_Stream0_IRQHandler
                0x08010c90                CAN1_TX_IRQHandler
                0x08010c90                EXTI4_IRQHandler
                0x08010c90                FSMC_IRQHandler
                0x08010c90                ETH_IRQHandler
                0x08010c90                OTG_HS_EP1_OUT_IRQHandler
                0x08010c90                WWDG_IRQHandler
                0x08010c90                TIM2_IRQHandler
                0x08010c90                OTG_FS_WKUP_IRQHandler
                0x08010c90                TIM1_TRG_COM_TIM11_IRQHandler
                0x08010c90                OTG_HS_IRQHandler
                0x08010c90                EXTI1_IRQHandler
                0x08010c90                USART2_IRQHandler
                0x08010c90                I2C2_ER_IRQHandler
                0x08010c90                DMA2_Stream1_IRQHandler
                0x08010c90                CAN1_SCE_IRQHandler
                0x08010c90                FLASH_IRQHandler
                0x08010c90                DMA2_Stream4_IRQHandler
                0x08010c90                USART1_IRQHandler
                0x08010c90                SPI3_IRQHandler
                0x08010c90                DMA1_Stream4_IRQHandler
                0x08010c90                I2C1_ER_IRQHandler
                0x08010c90                DMA2_Stream6_IRQHandler
                0x08010c90                DMA1_Stream3_IRQHandler
 *fill*         0x08010c92        0x2 
 .text.HAL_Init
                0x08010c94       0x44 ./Drivers/STM32F4xx_HAL_Driver/Src/stm32f4xx_hal.o
                0x08010c94                HAL_Init
 .text.HAL_InitTick
                0x08010cd8       0x60 ./Drivers/STM32F4xx_HAL_Driver/Src/stm32f4xx_hal.o
                0x08010cd8                HAL_InitTick
 .text.HAL_IncTick
                0x08010d38       0x28 ./Drivers/STM32F4xx_HAL_Driver/Src/stm32f4xx_hal.o
                0x08010d38                HAL_IncTick
 .text.HAL_GetTick
                0x08010d60       0x18 ./Drivers/STM32F4xx_HAL_Driver/Src/stm32f4xx_hal.o
                0x08010d60                HAL_GetTick
 .text.HAL_Delay
                0x08010d78       0x48 ./Drivers/STM32F4xx_HAL_Driver/Src/stm32f4xx_hal.o
                0x08010d78                HAL_Delay
 .text.__NVIC_SetPriorityGrouping
                0x08010dc0       0x48 ./Drivers/STM32F4xx_HAL_Driver/Src/stm32f4xx_hal_cortex.o
 .text.__NVIC_GetPriorityGrouping
                0x08010e08       0x1c ./Drivers/STM32F4xx_HAL_Driver/Src/stm32f4xx_hal_cortex.o
 .text.__NVIC_EnableIRQ
                0x08010e24       0x3c ./Drivers/STM32F4xx_HAL_Driver/Src/stm32f4xx_hal_cortex.o
 .text.__NVIC_SetPriority
                0x08010e60       0x54 ./Drivers/STM32F4xx_HAL_Driver/Src/stm32f4xx_hal_cortex.o
 .text.NVIC_EncodePriority
                0x08010eb4       0x66 ./Drivers/STM32F4xx_HAL_Driver/Src/stm32f4xx_hal_cortex.o
 *fill*         0x08010f1a        0x2 
 .text.SysTick_Config
                0x08010f1c       0x44 ./Drivers/STM32F4xx_HAL_Driver/Src/stm32f4xx_hal_cortex.o
 .text.HAL_NVIC_SetPriorityGrouping
                0x08010f60       0x16 ./Drivers/STM32F4xx_HAL_Driver/Src/stm32f4xx_hal_cortex.o
                0x08010f60                HAL_NVIC_SetPriorityGrouping
 .text.HAL_NVIC_SetPriority
                0x08010f76       0x38 ./Drivers/STM32F4xx_HAL_Driver/Src/stm32f4xx_hal_cortex.o
                0x08010f76                HAL_NVIC_SetPriority
 .text.HAL_NVIC_EnableIRQ
                0x08010fae       0x1c ./Drivers/STM32F4xx_HAL_Driver/Src/stm32f4xx_hal_cortex.o
                0x08010fae                HAL_NVIC_EnableIRQ
 .text.HAL_SYSTICK_Config
                0x08010fca       0x18 ./Drivers/STM32F4xx_HAL_Driver/Src/stm32f4xx_hal_cortex.o
                0x08010fca                HAL_SYSTICK_Config
 *fill*         0x08010fe2        0x2 
 .text.HAL_GPIO_Init
                0x08010fe4      0x338 ./Drivers/STM32F4xx_HAL_Driver/Src/stm32f4xx_hal_gpio.o
                0x08010fe4                HAL_GPIO_Init
 .text.HAL_GPIO_WritePin
                0x0801131c       0x32 ./Drivers/STM32F4xx_HAL_Driver/Src/stm32f4xx_hal_gpio.o
                0x0801131c                HAL_GPIO_WritePin
 .text.HAL_GPIO_TogglePin
                0x0801134e       0x34 ./Drivers/STM32F4xx_HAL_Driver/Src/stm32f4xx_hal_gpio.o
                0x0801134e                HAL_GPIO_TogglePin
 *fill*         0x08011382        0x2 
 .text.HAL_I2C_Init
                0x08011384      0x288 ./Drivers/STM32F4xx_HAL_Driver/Src/stm32f4xx_hal_i2c.o
                0x08011384                HAL_I2C_Init
 .text.HAL_I2S_Init
                0x0801160c      0x280 ./Drivers/STM32F4xx_HAL_Driver/Src/stm32f4xx_hal_i2s.o
                0x0801160c                HAL_I2S_Init
 .text.HAL_I2S_TxCpltCallback
                0x0801188c       0x14 ./Drivers/STM32F4xx_HAL_Driver/Src/stm32f4xx_hal_i2s.o
                0x0801188c                HAL_I2S_TxCpltCallback
 .text.HAL_I2S_RxCpltCallback
                0x080118a0       0x14 ./Drivers/STM32F4xx_HAL_Driver/Src/stm32f4xx_hal_i2s.o
                0x080118a0                HAL_I2S_RxCpltCallback
 .text.HAL_I2S_ErrorCallback
                0x080118b4       0x14 ./Drivers/STM32F4xx_HAL_Driver/Src/stm32f4xx_hal_i2s.o
                0x080118b4                HAL_I2S_ErrorCallback
 .text.I2S_Transmit_IT
                0x080118c8       0x5c ./Drivers/STM32F4xx_HAL_Driver/Src/stm32f4xx_hal_i2s.o
 .text.I2S_Receive_IT
                0x08011924       0x5e ./Drivers/STM32F4xx_HAL_Driver/Src/stm32f4xx_hal_i2s.o
 .text.I2S_IRQHandler
                0x08011982      0x114 ./Drivers/STM32F4xx_HAL_Driver/Src/stm32f4xx_hal_i2s.o
 *fill*         0x08011a96        0x2 
 .text.HAL_I2SEx_FullDuplex_IRQHandler
                0x08011a98      0x2a8 ./Drivers/STM32F4xx_HAL_Driver/Src/stm32f4xx_hal_i2s_ex.o
                0x08011a98                HAL_I2SEx_FullDuplex_IRQHandler
 .text.HAL_I2SEx_TxRxCpltCallback
                0x08011d40       0x14 ./Drivers/STM32F4xx_HAL_Driver/Src/stm32f4xx_hal_i2s_ex.o
                0x08011d40                HAL_I2SEx_TxRxCpltCallback
 .text.I2SEx_TxISR_I2S
                0x08011d54       0x62 ./Drivers/STM32F4xx_HAL_Driver/Src/stm32f4xx_hal_i2s_ex.o
 *fill*         0x08011db6        0x2 
 .text.I2SEx_TxISR_I2SExt
                0x08011db8       0x98 ./Drivers/STM32F4xx_HAL_Driver/Src/stm32f4xx_hal_i2s_ex.o
 .text.I2SEx_RxISR_I2S
                0x08011e50       0x64 ./Drivers/STM32F4xx_HAL_Driver/Src/stm32f4xx_hal_i2s_ex.o
 .text.I2SEx_RxISR_I2SExt
                0x08011eb4       0x98 ./Drivers/STM32F4xx_HAL_Driver/Src/stm32f4xx_hal_i2s_ex.o
 .text.HAL_PCD_Init
                0x08011f4c      0x21e ./Drivers/STM32F4xx_HAL_Driver/Src/stm32f4xx_hal_pcd.o
                0x08011f4c                HAL_PCD_Init
 .text.HAL_PCD_Start
                0x0801216a       0x6a ./Drivers/STM32F4xx_HAL_Driver/Src/stm32f4xx_hal_pcd.o
                0x0801216a                HAL_PCD_Start
 .text.HAL_PCD_IRQHandler
                0x080121d4      0x942 ./Drivers/STM32F4xx_HAL_Driver/Src/stm32f4xx_hal_pcd.o
                0x080121d4                HAL_PCD_IRQHandler
 .text.HAL_PCD_SetAddress
                0x08012b16       0x48 ./Drivers/STM32F4xx_HAL_Driver/Src/stm32f4xx_hal_pcd.o
                0x08012b16                HAL_PCD_SetAddress
 .text.HAL_PCD_EP_Open
                0x08012b5e       0xd4 ./Drivers/STM32F4xx_HAL_Driver/Src/stm32f4xx_hal_pcd.o
                0x08012b5e                HAL_PCD_EP_Open
 .text.HAL_PCD_EP_Close
                0x08012c32       0x94 ./Drivers/STM32F4xx_HAL_Driver/Src/stm32f4xx_hal_pcd.o
                0x08012c32                HAL_PCD_EP_Close
 .text.HAL_PCD_EP_Receive
                0x08012cc6       0x76 ./Drivers/STM32F4xx_HAL_Driver/Src/stm32f4xx_hal_pcd.o
                0x08012cc6                HAL_PCD_EP_Receive
 .text.HAL_PCD_EP_GetRxCount
                0x08012d3c       0x30 ./Drivers/STM32F4xx_HAL_Driver/Src/stm32f4xx_hal_pcd.o
                0x08012d3c                HAL_PCD_EP_GetRxCount
 .text.HAL_PCD_EP_Transmit
                0x08012d6c       0x74 ./Drivers/STM32F4xx_HAL_Driver/Src/stm32f4xx_hal_pcd.o
                0x08012d6c                HAL_PCD_EP_Transmit
 .text.HAL_PCD_EP_SetStall
                0x08012de0       0xc6 ./Drivers/STM32F4xx_HAL_Driver/Src/stm32f4xx_hal_pcd.o
                0x08012de0                HAL_PCD_EP_SetStall
 .text.HAL_PCD_EP_ClrStall
                0x08012ea6       0xac ./Drivers/STM32F4xx_HAL_Driver/Src/stm32f4xx_hal_pcd.o
                0x08012ea6                HAL_PCD_EP_ClrStall
 .text.HAL_PCD_EP_Abort
                0x08012f52       0x62 ./Drivers/STM32F4xx_HAL_Driver/Src/stm32f4xx_hal_pcd.o
                0x08012f52                HAL_PCD_EP_Abort
 .text.PCD_WriteEmptyTxFifo
                0x08012fb4      0x118 ./Drivers/STM32F4xx_HAL_Driver/Src/stm32f4xx_hal_pcd.o
 .text.PCD_EP_OutXfrComplete_int
                0x080130cc      0x1d0 ./Drivers/STM32F4xx_HAL_Driver/Src/stm32f4xx_hal_pcd.o
 .text.PCD_EP_OutSetupPacket_int
                0x0801329c       0x8c ./Drivers/STM32F4xx_HAL_Driver/Src/stm32f4xx_hal_pcd.o
 .text.HAL_PCDEx_SetTxFiFo
                0x08013328       0x8e ./Drivers/STM32F4xx_HAL_Driver/Src/stm32f4xx_hal_pcd_ex.o
                0x08013328                HAL_PCDEx_SetTxFiFo
 .text.HAL_PCDEx_SetRxFiFo
                0x080133b6       0x22 ./Drivers/STM32F4xx_HAL_Driver/Src/stm32f4xx_hal_pcd_ex.o
                0x080133b6                HAL_PCDEx_SetRxFiFo
 .text.HAL_PCDEx_LPM_Callback
                0x080133d8       0x18 ./Drivers/STM32F4xx_HAL_Driver/Src/stm32f4xx_hal_pcd_ex.o
                0x080133d8                HAL_PCDEx_LPM_Callback
 .text.HAL_RCC_OscConfig
                0x080133f0      0x4f0 ./Drivers/STM32F4xx_HAL_Driver/Src/stm32f4xx_hal_rcc.o
                0x080133f0                HAL_RCC_OscConfig
 .text.HAL_RCC_ClockConfig
                0x080138e0      0x1cc ./Drivers/STM32F4xx_HAL_Driver/Src/stm32f4xx_hal_rcc.o
                0x080138e0                HAL_RCC_ClockConfig
 .text.HAL_RCC_GetSysClockFreq
                0x08013aac      0x20c ./Drivers/STM32F4xx_HAL_Driver/Src/stm32f4xx_hal_rcc.o
                0x08013aac                HAL_RCC_GetSysClockFreq
 .text.HAL_RCC_GetHCLKFreq
                0x08013cb8       0x18 ./Drivers/STM32F4xx_HAL_Driver/Src/stm32f4xx_hal_rcc.o
                0x08013cb8                HAL_RCC_GetHCLKFreq
 .text.HAL_RCC_GetPCLK1Freq
                0x08013cd0       0x28 ./Drivers/STM32F4xx_HAL_Driver/Src/stm32f4xx_hal_rcc.o
                0x08013cd0                HAL_RCC_GetPCLK1Freq
 .text.HAL_RCCEx_PeriphCLKConfig
                0x08013cf8      0x1c4 ./Drivers/STM32F4xx_HAL_Driver/Src/stm32f4xx_hal_rcc_ex.o
                0x08013cf8                HAL_RCCEx_PeriphCLKConfig
 .text.HAL_RCCEx_GetPeriphCLKFreq
                0x08013ebc       0xc0 ./Drivers/STM32F4xx_HAL_Driver/Src/stm32f4xx_hal_rcc_ex.o
                0x08013ebc                HAL_RCCEx_GetPeriphCLKFreq
 .text.HAL_SPI_Init
                0x08013f7c      0x112 ./Drivers/STM32F4xx_HAL_Driver/Src/stm32f4xx_hal_spi.o
                0x08013f7c                HAL_SPI_Init
 .text.USB_CoreInit
                0x0801408e       0xc8 ./Drivers/STM32F4xx_HAL_Driver/Src/stm32f4xx_ll_usb.o
                0x0801408e                USB_CoreInit
 *fill*         0x08014156        0x2 
 .text.USB_SetTurnaroundTime
                0x08014158      0x144 ./Drivers/STM32F4xx_HAL_Driver/Src/stm32f4xx_ll_usb.o
                0x08014158                USB_SetTurnaroundTime
 .text.USB_EnableGlobalInt
                0x0801429c       0x22 ./Drivers/STM32F4xx_HAL_Driver/Src/stm32f4xx_ll_usb.o
                0x0801429c                USB_EnableGlobalInt
 .text.USB_DisableGlobalInt
                0x080142be       0x22 ./Drivers/STM32F4xx_HAL_Driver/Src/stm32f4xx_ll_usb.o
                0x080142be                USB_DisableGlobalInt
 .text.USB_SetCurrentMode
                0x080142e0       0x98 ./Drivers/STM32F4xx_HAL_Driver/Src/stm32f4xx_ll_usb.o
                0x080142e0                USB_SetCurrentMode
 .text.USB_DevInit
                0x08014378      0x2c8 ./Drivers/STM32F4xx_HAL_Driver/Src/stm32f4xx_ll_usb.o
                0x08014378                USB_DevInit
 .text.USB_FlushTxFifo
                0x08014640       0x64 ./Drivers/STM32F4xx_HAL_Driver/Src/stm32f4xx_ll_usb.o
                0x08014640                USB_FlushTxFifo
 .text.USB_FlushRxFifo
                0x080146a4       0x5c ./Drivers/STM32F4xx_HAL_Driver/Src/stm32f4xx_ll_usb.o
                0x080146a4                USB_FlushRxFifo
 .text.USB_SetDevSpeed
                0x08014700       0x32 ./Drivers/STM32F4xx_HAL_Driver/Src/stm32f4xx_ll_usb.o
                0x08014700                USB_SetDevSpeed
 .text.USB_GetDevSpeed
                0x08014732       0x4a ./Drivers/STM32F4xx_HAL_Driver/Src/stm32f4xx_ll_usb.o
                0x08014732                USB_GetDevSpeed
 .text.USB_ActivateEndpoint
                0x0801477c      0x10e ./Drivers/STM32F4xx_HAL_Driver/Src/stm32f4xx_ll_usb.o
                0x0801477c                USB_ActivateEndpoint
 *fill*         0x0801488a        0x2 
 .text.USB_DeactivateEndpoint
                0x0801488c      0x1b8 ./Drivers/STM32F4xx_HAL_Driver/Src/stm32f4xx_ll_usb.o
                0x0801488c                USB_DeactivateEndpoint
 .text.USB_EPStartXfer
                0x08014a44      0x53c ./Drivers/STM32F4xx_HAL_Driver/Src/stm32f4xx_ll_usb.o
                0x08014a44                USB_EPStartXfer
 .text.USB_EPStopXfer
                0x08014f80      0x154 ./Drivers/STM32F4xx_HAL_Driver/Src/stm32f4xx_ll_usb.o
                0x08014f80                USB_EPStopXfer
 .text.USB_WritePacket
                0x080150d4       0x7c ./Drivers/STM32F4xx_HAL_Driver/Src/stm32f4xx_ll_usb.o
                0x080150d4                USB_WritePacket
 .text.USB_ReadPacket
                0x08015150       0xb0 ./Drivers/STM32F4xx_HAL_Driver/Src/stm32f4xx_ll_usb.o
                0x08015150                USB_ReadPacket
 .text.USB_EPSetStall
                0x08015200       0xdc ./Drivers/STM32F4xx_HAL_Driver/Src/stm32f4xx_ll_usb.o
                0x08015200                USB_EPSetStall
 .text.USB_EPClearStall
                0x080152dc       0xcc ./Drivers/STM32F4xx_HAL_Driver/Src/stm32f4xx_ll_usb.o
                0x080152dc                USB_EPClearStall
 .text.USB_SetDevAddress
                0x080153a8       0x4c ./Drivers/STM32F4xx_HAL_Driver/Src/stm32f4xx_ll_usb.o
                0x080153a8                USB_SetDevAddress
 .text.USB_DevConnect
                0x080153f4       0x42 ./Drivers/STM32F4xx_HAL_Driver/Src/stm32f4xx_ll_usb.o
                0x080153f4                USB_DevConnect
 .text.USB_DevDisconnect
                0x08015436       0x42 ./Drivers/STM32F4xx_HAL_Driver/Src/stm32f4xx_ll_usb.o
                0x08015436                USB_DevDisconnect
 .text.USB_ReadInterrupts
                0x08015478       0x26 ./Drivers/STM32F4xx_HAL_Driver/Src/stm32f4xx_ll_usb.o
                0x08015478                USB_ReadInterrupts
 .text.USB_ReadDevAllOutEpInterrupt
                0x0801549e       0x34 ./Drivers/STM32F4xx_HAL_Driver/Src/stm32f4xx_ll_usb.o
                0x0801549e                USB_ReadDevAllOutEpInterrupt
 .text.USB_ReadDevAllInEpInterrupt
                0x080154d2       0x34 ./Drivers/STM32F4xx_HAL_Driver/Src/stm32f4xx_ll_usb.o
                0x080154d2                USB_ReadDevAllInEpInterrupt
 .text.USB_ReadDevOutEPInterrupt
                0x08015506       0x3c ./Drivers/STM32F4xx_HAL_Driver/Src/stm32f4xx_ll_usb.o
                0x08015506                USB_ReadDevOutEPInterrupt
 .text.USB_ReadDevInEPInterrupt
                0x08015542       0x5c ./Drivers/STM32F4xx_HAL_Driver/Src/stm32f4xx_ll_usb.o
                0x08015542                USB_ReadDevInEPInterrupt
 .text.USB_GetMode
                0x0801559e       0x1c ./Drivers/STM32F4xx_HAL_Driver/Src/stm32f4xx_ll_usb.o
                0x0801559e                USB_GetMode
 .text.USB_ActivateSetup
                0x080155ba       0x46 ./Drivers/STM32F4xx_HAL_Driver/Src/stm32f4xx_ll_usb.o
                0x080155ba                USB_ActivateSetup
 .text.USB_EP0_OutStart
                0x08015600       0xbc ./Drivers/STM32F4xx_HAL_Driver/Src/stm32f4xx_ll_usb.o
                0x08015600                USB_EP0_OutStart
 .text.USB_CoreReset
                0x080156bc       0x70 ./Drivers/STM32F4xx_HAL_Driver/Src/stm32f4xx_ll_usb.o
 .text.USBD_CDC_Init
                0x0801572c      0x1f0 ./Middlewares/ST/STM32_USB_Device_Library/Class/CDC/Src/usbd_cdc.o
 .text.USBD_CDC_DeInit
                0x0801591c      0x104 ./Middlewares/ST/STM32_USB_Device_Library/Class/CDC/Src/usbd_cdc.o
 .text.USBD_CDC_Setup
                0x08015a20      0x1b8 ./Middlewares/ST/STM32_USB_Device_Library/Class/CDC/Src/usbd_cdc.o
 .text.USBD_CDC_DataIn
                0x08015bd8       0xfe ./Middlewares/ST/STM32_USB_Device_Library/Class/CDC/Src/usbd_cdc.o
 .text.USBD_CDC_DataOut
                0x08015cd6       0x70 ./Middlewares/ST/STM32_USB_Device_Library/Class/CDC/Src/usbd_cdc.o
 .text.USBD_CDC_EP0_RxReady
                0x08015d46       0x74 ./Middlewares/ST/STM32_USB_Device_Library/Class/CDC/Src/usbd_cdc.o
 *fill*         0x08015dba        0x2 
 .text.USBD_CDC_GetFSCfgDesc
                0x08015dbc       0x70 ./Middlewares/ST/STM32_USB_Device_Library/Class/CDC/Src/usbd_cdc.o
 .text.USBD_CDC_GetHSCfgDesc
                0x08015e2c       0x70 ./Middlewares/ST/STM32_USB_Device_Library/Class/CDC/Src/usbd_cdc.o
 .text.USBD_CDC_GetOtherSpeedCfgDesc
                0x08015e9c       0x70 ./Middlewares/ST/STM32_USB_Device_Library/Class/CDC/Src/usbd_cdc.o
 .text.USBD_CDC_GetDeviceQualifierDescriptor
                0x08015f0c       0x20 ./Middlewares/ST/STM32_USB_Device_Library/Class/CDC/Src/usbd_cdc.o
                0x08015f0c                USBD_CDC_GetDeviceQualifierDescriptor
 .text.USBD_CDC_RegisterInterface
                0x08015f2c       0x34 ./Middlewares/ST/STM32_USB_Device_Library/Class/CDC/Src/usbd_cdc.o
                0x08015f2c                USBD_CDC_RegisterInterface
 .text.USBD_CDC_SetTxBuffer
                0x08015f60       0x44 ./Middlewares/ST/STM32_USB_Device_Library/Class/CDC/Src/usbd_cdc.o
                0x08015f60                USBD_CDC_SetTxBuffer
 .text.USBD_CDC_SetRxBuffer
                0x08015fa4       0x3a ./Middlewares/ST/STM32_USB_Device_Library/Class/CDC/Src/usbd_cdc.o
                0x08015fa4                USBD_CDC_SetRxBuffer
 *fill*         0x08015fde        0x2 
 .text.USBD_CDC_ReceivePacket
                0x08015fe0       0x6c ./Middlewares/ST/STM32_USB_Device_Library/Class/CDC/Src/usbd_cdc.o
                0x08015fe0                USBD_CDC_ReceivePacket
 .text.USBD_Init
                0x0801604c       0x60 ./Middlewares/ST/STM32_USB_Device_Library/Core/Src/usbd_core.o
                0x0801604c                USBD_Init
 .text.USBD_RegisterClass
                0x080160ac       0x6c ./Middlewares/ST/STM32_USB_Device_Library/Core/Src/usbd_core.o
                0x080160ac                USBD_RegisterClass
 .text.USBD_Start
                0x08016118       0x18 ./Middlewares/ST/STM32_USB_Device_Library/Core/Src/usbd_core.o
                0x08016118                USBD_Start
 .text.USBD_RunTestMode
                0x08016130       0x16 ./Middlewares/ST/STM32_USB_Device_Library/Core/Src/usbd_core.o
                0x08016130                USBD_RunTestMode
 .text.USBD_SetClassConfig
                0x08016146       0x38 ./Middlewares/ST/STM32_USB_Device_Library/Core/Src/usbd_core.o
                0x08016146                USBD_SetClassConfig
 .text.USBD_ClrClassConfig
                0x0801617e       0x34 ./Middlewares/ST/STM32_USB_Device_Library/Core/Src/usbd_core.o
                0x0801617e                USBD_ClrClassConfig
 .text.USBD_LL_SetupStage
                0x080161b2       0xaa ./Middlewares/ST/STM32_USB_Device_Library/Core/Src/usbd_core.o
                0x080161b2                USBD_LL_SetupStage
 .text.USBD_LL_DataOutStage
                0x0801625c      0x178 ./Middlewares/ST/STM32_USB_Device_Library/Core/Src/usbd_core.o
                0x0801625c                USBD_LL_DataOutStage
 .text.USBD_LL_DataInStage
                0x080163d4      0x176 ./Middlewares/ST/STM32_USB_Device_Library/Core/Src/usbd_core.o
                0x080163d4                USBD_LL_DataInStage
 .text.USBD_LL_Reset
                0x0801654a       0xa6 ./Middlewares/ST/STM32_USB_Device_Library/Core/Src/usbd_core.o
                0x0801654a                USBD_LL_Reset
 .text.USBD_LL_SetSpeed
                0x080165f0       0x20 ./Middlewares/ST/STM32_USB_Device_Library/Core/Src/usbd_core.o
                0x080165f0                USBD_LL_SetSpeed
 .text.USBD_LL_Suspend
                0x08016610       0x38 ./Middlewares/ST/STM32_USB_Device_Library/Core/Src/usbd_core.o
                0x08016610                USBD_LL_Suspend
 .text.USBD_LL_Resume
                0x08016648       0x30 ./Middlewares/ST/STM32_USB_Device_Library/Core/Src/usbd_core.o
                0x08016648                USBD_LL_Resume
 .text.USBD_LL_SOF
                0x08016678       0x40 ./Middlewares/ST/STM32_USB_Device_Library/Core/Src/usbd_core.o
                0x08016678                USBD_LL_SOF
 .text.USBD_LL_IsoINIncomplete
                0x080166b8       0x64 ./Middlewares/ST/STM32_USB_Device_Library/Core/Src/usbd_core.o
                0x080166b8                USBD_LL_IsoINIncomplete
 .text.USBD_LL_IsoOUTIncomplete
                0x0801671c       0x64 ./Middlewares/ST/STM32_USB_Device_Library/Core/Src/usbd_core.o
                0x0801671c                USBD_LL_IsoOUTIncomplete
 .text.USBD_LL_DevConnected
                0x08016780       0x16 ./Middlewares/ST/STM32_USB_Device_Library/Core/Src/usbd_core.o
                0x08016780                USBD_LL_DevConnected
 .text.USBD_LL_DevDisconnected
                0x08016796       0x46 ./Middlewares/ST/STM32_USB_Device_Library/Core/Src/usbd_core.o
                0x08016796                USBD_LL_DevDisconnected
 .text.USBD_CoreFindIF
                0x080167dc       0x1a ./Middlewares/ST/STM32_USB_Device_Library/Core/Src/usbd_core.o
                0x080167dc                USBD_CoreFindIF
 .text.USBD_CoreFindEP
                0x080167f6       0x1a ./Middlewares/ST/STM32_USB_Device_Library/Core/Src/usbd_core.o
                0x080167f6                USBD_CoreFindEP
 .text.USBD_GetEpDesc
                0x08016810       0x70 ./Middlewares/ST/STM32_USB_Device_Library/Core/Src/usbd_core.o
                0x08016810                USBD_GetEpDesc
 .text.USBD_GetNextDesc
                0x08016880       0x38 ./Middlewares/ST/STM32_USB_Device_Library/Core/Src/usbd_core.o
                0x08016880                USBD_GetNextDesc
 .text.SWAPBYTE
                0x080168b8       0x3e ./Middlewares/ST/STM32_USB_Device_Library/Core/Src/usbd_ctlreq.o
 *fill*         0x080168f6        0x2 
 .text.USBD_StdDevReq
                0x080168f8       0xe4 ./Middlewares/ST/STM32_USB_Device_Library/Core/Src/usbd_ctlreq.o
                0x080168f8                USBD_StdDevReq
 .text.USBD_StdItfReq
                0x080169dc       0xd8 ./Middlewares/ST/STM32_USB_Device_Library/Core/Src/usbd_ctlreq.o
                0x080169dc                USBD_StdItfReq
 .text.USBD_StdEPReq
                0x08016ab4      0x33e ./Middlewares/ST/STM32_USB_Device_Library/Core/Src/usbd_ctlreq.o
                0x08016ab4                USBD_StdEPReq
 *fill*         0x08016df2        0x2 
 .text.USBD_GetDescriptor
                0x08016df4      0x2d4 ./Middlewares/ST/STM32_USB_Device_Library/Core/Src/usbd_ctlreq.o
 .text.USBD_SetAddress
                0x080170c8       0x88 ./Middlewares/ST/STM32_USB_Device_Library/Core/Src/usbd_ctlreq.o
 .text.USBD_SetConfig
                0x08017150      0x154 ./Middlewares/ST/STM32_USB_Device_Library/Core/Src/usbd_ctlreq.o
 .text.USBD_GetConfig
                0x080172a4       0x6c ./Middlewares/ST/STM32_USB_Device_Library/Core/Src/usbd_ctlreq.o
 .text.USBD_GetStatus
                0x08017310       0x68 ./Middlewares/ST/STM32_USB_Device_Library/Core/Src/usbd_ctlreq.o
 .text.USBD_SetFeature
                0x08017378       0x52 ./Middlewares/ST/STM32_USB_Device_Library/Core/Src/usbd_ctlreq.o
 .text.USBD_ClrFeature
                0x080173ca       0x44 ./Middlewares/ST/STM32_USB_Device_Library/Core/Src/usbd_ctlreq.o
 .text.USBD_ParseSetupRequest
                0x0801740e       0x74 ./Middlewares/ST/STM32_USB_Device_Library/Core/Src/usbd_ctlreq.o
                0x0801740e                USBD_ParseSetupRequest
 .text.USBD_CtlError
                0x08017482       0x22 ./Middlewares/ST/STM32_USB_Device_Library/Core/Src/usbd_ctlreq.o
                0x08017482                USBD_CtlError
 .text.USBD_GetString
                0x080174a4       0xa4 ./Middlewares/ST/STM32_USB_Device_Library/Core/Src/usbd_ctlreq.o
                0x080174a4                USBD_GetString
 .text.USBD_GetLen
                0x08017548       0x34 ./Middlewares/ST/STM32_USB_Device_Library/Core/Src/usbd_ctlreq.o
 .text.USBD_CtlSendData
                0x0801757c       0x3c ./Middlewares/ST/STM32_USB_Device_Library/Core/Src/usbd_ioreq.o
                0x0801757c                USBD_CtlSendData
 .text.USBD_CtlContinueSendData
                0x080175b8       0x22 ./Middlewares/ST/STM32_USB_Device_Library/Core/Src/usbd_ioreq.o
                0x080175b8                USBD_CtlContinueSendData
 .text.USBD_CtlPrepareRx
                0x080175da       0x42 ./Middlewares/ST/STM32_USB_Device_Library/Core/Src/usbd_ioreq.o
                0x080175da                USBD_CtlPrepareRx
 .text.USBD_CtlContinueRx
                0x0801761c       0x22 ./Middlewares/ST/STM32_USB_Device_Library/Core/Src/usbd_ioreq.o
                0x0801761c                USBD_CtlContinueRx
 .text.USBD_CtlSendStatus
                0x0801763e       0x26 ./Middlewares/ST/STM32_USB_Device_Library/Core/Src/usbd_ioreq.o
                0x0801763e                USBD_CtlSendStatus
 .text.USBD_CtlReceiveStatus
                0x08017664       0x26 ./Middlewares/ST/STM32_USB_Device_Library/Core/Src/usbd_ioreq.o
                0x08017664                USBD_CtlReceiveStatus
 *fill*         0x0801768a        0x2 
 .text.MX_USB_DEVICE_Init
                0x0801768c       0x60 ./USB_DEVICE/App/usb_device.o
                0x0801768c                MX_USB_DEVICE_Init
 .text.CDC_Init_FS
                0x080176ec       0x28 ./USB_DEVICE/App/usbd_cdc_if.o
 .text.CDC_DeInit_FS
                0x08017714       0x10 ./USB_DEVICE/App/usbd_cdc_if.o
 .text.CDC_Control_FS
                0x08017724       0xbc ./USB_DEVICE/App/usbd_cdc_if.o
 .text.CDC_Receive_FS
                0x080177e0       0x28 ./USB_DEVICE/App/usbd_cdc_if.o
 .text.CDC_TransmitCplt_FS
                0x08017808       0x22 ./USB_DEVICE/App/usbd_cdc_if.o
 *fill*         0x0801782a        0x2 
 .text.USBD_FS_DeviceDescriptor
                0x0801782c       0x24 ./USB_DEVICE/App/usbd_desc.o
                0x0801782c                USBD_FS_DeviceDescriptor
 .text.USBD_FS_LangIDStrDescriptor
                0x08017850       0x24 ./USB_DEVICE/App/usbd_desc.o
                0x08017850                USBD_FS_LangIDStrDescriptor
 .text.USBD_FS_ProductStrDescriptor
                0x08017874       0x3c ./USB_DEVICE/App/usbd_desc.o
                0x08017874                USBD_FS_ProductStrDescriptor
 .text.USBD_FS_ManufacturerStrDescriptor
                0x080178b0       0x28 ./USB_DEVICE/App/usbd_desc.o
                0x080178b0                USBD_FS_ManufacturerStrDescriptor
 .text.USBD_FS_SerialStrDescriptor
                0x080178d8       0x24 ./USB_DEVICE/App/usbd_desc.o
                0x080178d8                USBD_FS_SerialStrDescriptor
 .text.USBD_FS_ConfigStrDescriptor
                0x080178fc       0x3c ./USB_DEVICE/App/usbd_desc.o
                0x080178fc                USBD_FS_ConfigStrDescriptor
 .text.USBD_FS_InterfaceStrDescriptor
                0x08017938       0x3c ./USB_DEVICE/App/usbd_desc.o
                0x08017938                USBD_FS_InterfaceStrDescriptor
 .text.Get_SerialNum
                0x08017974       0x58 ./USB_DEVICE/App/usbd_desc.o
 .text.IntToUnicode
                0x080179cc       0x7e ./USB_DEVICE/App/usbd_desc.o
 *fill*         0x08017a4a        0x2 
 .text.HAL_PCD_MspInit
                0x08017a4c       0xc4 ./USB_DEVICE/Target/usbd_conf.o
                0x08017a4c                HAL_PCD_MspInit
 .text.HAL_PCD_SetupStageCallback
                0x08017b10       0x24 ./USB_DEVICE/Target/usbd_conf.o
                0x08017b10                HAL_PCD_SetupStageCallback
 .text.HAL_PCD_DataOutStageCallback
                0x08017b34       0x36 ./USB_DEVICE/Target/usbd_conf.o
                0x08017b34                HAL_PCD_DataOutStageCallback
 .text.HAL_PCD_DataInStageCallback
                0x08017b6a       0x34 ./USB_DEVICE/Target/usbd_conf.o
                0x08017b6a                HAL_PCD_DataInStageCallback
 .text.HAL_PCD_SOFCallback
                0x08017b9e       0x1c ./USB_DEVICE/Target/usbd_conf.o
                0x08017b9e                HAL_PCD_SOFCallback
 .text.HAL_PCD_ResetCallback
                0x08017bba       0x50 ./USB_DEVICE/Target/usbd_conf.o
                0x08017bba                HAL_PCD_ResetCallback
 *fill*         0x08017c0a        0x2 
 .text.HAL_PCD_SuspendCallback
                0x08017c0c       0x4c ./USB_DEVICE/Target/usbd_conf.o
                0x08017c0c                HAL_PCD_SuspendCallback
 .text.HAL_PCD_ResumeCallback
                0x08017c58       0x1c ./USB_DEVICE/Target/usbd_conf.o
                0x08017c58                HAL_PCD_ResumeCallback
 .text.HAL_PCD_ISOOUTIncompleteCallback
                0x08017c74       0x24 ./USB_DEVICE/Target/usbd_conf.o
                0x08017c74                HAL_PCD_ISOOUTIncompleteCallback
 .text.HAL_PCD_ISOINIncompleteCallback
                0x08017c98       0x24 ./USB_DEVICE/Target/usbd_conf.o
                0x08017c98                HAL_PCD_ISOINIncompleteCallback
 .text.HAL_PCD_ConnectCallback
                0x08017cbc       0x1c ./USB_DEVICE/Target/usbd_conf.o
                0x08017cbc                HAL_PCD_ConnectCallback
 .text.HAL_PCD_DisconnectCallback
                0x08017cd8       0x1c ./USB_DEVICE/Target/usbd_conf.o
                0x08017cd8                HAL_PCD_DisconnectCallback
 .text.USBD_LL_Init
                0x08017cf4       0x98 ./USB_DEVICE/Target/usbd_conf.o
                0x08017cf4                USBD_LL_Init
 .text.USBD_LL_Start
                0x08017d8c       0x36 ./USB_DEVICE/Target/usbd_conf.o
                0x08017d8c                USBD_LL_Start
 .text.USBD_LL_OpenEP
                0x08017dc2       0x4c ./USB_DEVICE/Target/usbd_conf.o
                0x08017dc2                USBD_LL_OpenEP
 .text.USBD_LL_CloseEP
                0x08017e0e       0x3e ./USB_DEVICE/Target/usbd_conf.o
                0x08017e0e                USBD_LL_CloseEP
 .text.USBD_LL_StallEP
                0x08017e4c       0x3e ./USB_DEVICE/Target/usbd_conf.o
                0x08017e4c                USBD_LL_StallEP
 .text.USBD_LL_ClearStallEP
                0x08017e8a       0x3e ./USB_DEVICE/Target/usbd_conf.o
                0x08017e8a                USBD_LL_ClearStallEP
 .text.USBD_LL_IsStallEP
                0x08017ec8       0x58 ./USB_DEVICE/Target/usbd_conf.o
                0x08017ec8                USBD_LL_IsStallEP
 .text.USBD_LL_SetUSBAddress
                0x08017f20       0x3e ./USB_DEVICE/Target/usbd_conf.o
                0x08017f20                USBD_LL_SetUSBAddress
 .text.USBD_LL_Transmit
                0x08017f5e       0x42 ./USB_DEVICE/Target/usbd_conf.o
                0x08017f5e                USBD_LL_Transmit
 .text.USBD_LL_PrepareReceive
                0x08017fa0       0x42 ./USB_DEVICE/Target/usbd_conf.o
                0x08017fa0                USBD_LL_PrepareReceive
 .text.USBD_LL_GetRxDataSize
                0x08017fe2       0x26 ./USB_DEVICE/Target/usbd_conf.o
                0x08017fe2                USBD_LL_GetRxDataSize
 .text.USBD_static_malloc
                0x08018008       0x1c ./USB_DEVICE/Target/usbd_conf.o
                0x08018008                USBD_static_malloc
 .text.USBD_static_free
                0x08018024       0x14 ./USB_DEVICE/Target/usbd_conf.o
                0x08018024                USBD_static_free
 .text.USBD_Get_USB_Status
                0x08018038       0x58 ./USB_DEVICE/Target/usbd_conf.o
                0x08018038                USBD_Get_USB_Status
 .text.memset   0x08018090       0x10 D:/STM32CubeIDE_1.19.0/STM32CubeIDE/plugins/com.st.stm32cube.ide.mcu.externaltools.gnu-tools-for-stm32.13.3.rel1.win32_1.0.0.202411081344/tools/bin/../lib/gcc/arm-none-eabi/13.3.1/../../../../arm-none-eabi/lib/thumb/v7e-m+fp/hard\libc_nano.a(libc_a-memset.o)
                0x08018090                memset
 .text.__libc_init_array
                0x080180a0       0x48 D:/STM32CubeIDE_1.19.0/STM32CubeIDE/plugins/com.st.stm32cube.ide.mcu.externaltools.gnu-tools-for-stm32.13.3.rel1.win32_1.0.0.202411081344/tools/bin/../lib/gcc/arm-none-eabi/13.3.1/../../../../arm-none-eabi/lib/thumb/v7e-m+fp/hard\libc_nano.a(libc_a-init.o)
                0x080180a0                __libc_init_array
 *(.glue_7)
 .glue_7        0x080180e8        0x0 linker stubs
 *(.glue_7t)
 .glue_7t       0x080180e8        0x0 linker stubs
 *(.eh_frame)
 .eh_frame      0x080180e8        0x0 D:/STM32CubeIDE_1.19.0/STM32CubeIDE/plugins/com.st.stm32cube.ide.mcu.externaltools.gnu-tools-for-stm32.13.3.rel1.win32_1.0.0.202411081344/tools/bin/../lib/gcc/arm-none-eabi/13.3.1/thumb/v7e-m+fp/hard/crtbegin.o
 *(.init)
 .init          0x080180e8        0x4 D:/STM32CubeIDE_1.19.0/STM32CubeIDE/plugins/com.st.stm32cube.ide.mcu.externaltools.gnu-tools-for-stm32.13.3.rel1.win32_1.0.0.202411081344/tools/bin/../lib/gcc/arm-none-eabi/13.3.1/thumb/v7e-m+fp/hard/crti.o
                0x080180e8                _init
 .init          0x080180ec        0x8 D:/STM32CubeIDE_1.19.0/STM32CubeIDE/plugins/com.st.stm32cube.ide.mcu.externaltools.gnu-tools-for-stm32.13.3.rel1.win32_1.0.0.202411081344/tools/bin/../lib/gcc/arm-none-eabi/13.3.1/thumb/v7e-m+fp/hard/crtn.o
 *(.fini)
 .fini          0x080180f4        0x4 D:/STM32CubeIDE_1.19.0/STM32CubeIDE/plugins/com.st.stm32cube.ide.mcu.externaltools.gnu-tools-for-stm32.13.3.rel1.win32_1.0.0.202411081344/tools/bin/../lib/gcc/arm-none-eabi/13.3.1/thumb/v7e-m+fp/hard/crti.o
                0x080180f4                _fini
 .fini          0x080180f8        0x8 D:/STM32CubeIDE_1.19.0/STM32CubeIDE/plugins/com.st.stm32cube.ide.mcu.externaltools.gnu-tools-for-stm32.13.3.rel1.win32_1.0.0.202411081344/tools/bin/../lib/gcc/arm-none-eabi/13.3.1/thumb/v7e-m+fp/hard/crtn.o
                0x08018100                        . = ALIGN (0x4)
                0x08018100                        _etext = .

.vfp11_veneer   0x08018100        0x0
 .vfp11_veneer  0x08018100        0x0 linker stubs

.v4_bx          0x08018100        0x0
 .v4_bx         0x08018100        0x0 linker stubs

.iplt           0x08018100        0x0
 .iplt          0x08018100        0x0 D:/STM32CubeIDE_1.19.0/STM32CubeIDE/plugins/com.st.stm32cube.ide.mcu.externaltools.gnu-tools-for-stm32.13.3.rel1.win32_1.0.0.202411081344/tools/bin/../lib/gcc/arm-none-eabi/13.3.1/thumb/v7e-m+fp/hard/crtbegin.o

.rodata         0x08018100       0x60
                0x08018100                        . = ALIGN (0x4)
 *(.rodata)
 .rodata        0x08018100       0x46 ./USB_DEVICE/App/usbd_desc.o
 *(.rodata*)
 *fill*         0x08018146        0x2 
 .rodata.AHBPrescTable
                0x08018148       0x10 ./Core/Src/system_stm32f4xx.o
                0x08018148                AHBPrescTable
 .rodata.APBPrescTable
                0x08018158        0x8 ./Core/Src/system_stm32f4xx.o
                0x08018158                APBPrescTable
                0x08018160                        . = ALIGN (0x4)

.ARM.extab      0x08018160        0x0
                0x08018160                        . = ALIGN (0x4)
 *(.ARM.extab* .gnu.linkonce.armextab.*)
                0x08018160                        . = ALIGN (0x4)

.ARM            0x08018160        0x8
                0x08018160                        . = ALIGN (0x4)
                0x08018160                        __exidx_start = .
 *(.ARM.exidx*)
 .ARM.exidx     0x08018160        0x8 D:/STM32CubeIDE_1.19.0/STM32CubeIDE/plugins/com.st.stm32cube.ide.mcu.externaltools.gnu-tools-for-stm32.13.3.rel1.win32_1.0.0.202411081344/tools/bin/../lib/gcc/arm-none-eabi/13.3.1/thumb/v7e-m+fp/hard\libgcc.a(_udivmoddi4.o)
                0x08018168                        __exidx_end = .
                0x08018168                        . = ALIGN (0x4)

.preinit_array  0x08018168        0x0
                0x08018168                        . = ALIGN (0x4)
                0x08018168                        PROVIDE (__preinit_array_start = .)
 *(.preinit_array*)
                0x08018168                        PROVIDE (__preinit_array_end = .)
                0x08018168                        . = ALIGN (0x4)

.init_array     0x08018168        0x4
                0x08018168                        . = ALIGN (0x4)
                0x08018168                        PROVIDE (__init_array_start = .)
 *(SORT_BY_NAME(.init_array.*))
 *(.init_array*)
 .init_array    0x08018168        0x4 D:/STM32CubeIDE_1.19.0/STM32CubeIDE/plugins/com.st.stm32cube.ide.mcu.externaltools.gnu-tools-for-stm32.13.3.rel1.win32_1.0.0.202411081344/tools/bin/../lib/gcc/arm-none-eabi/13.3.1/thumb/v7e-m+fp/hard/crtbegin.o
                0x0801816c                        PROVIDE (__init_array_end = .)
                0x0801816c                        . = ALIGN (0x4)

.fini_array     0x0801816c        0x4
                0x0801816c                        . = ALIGN (0x4)
                [!provide]                        PROVIDE (__fini_array_start = .)
 *(SORT_BY_NAME(.fini_array.*))
 *(.fini_array*)
 .fini_array    0x0801816c        0x4 D:/STM32CubeIDE_1.19.0/STM32CubeIDE/plugins/com.st.stm32cube.ide.mcu.externaltools.gnu-tools-for-stm32.13.3.rel1.win32_1.0.0.202411081344/tools/bin/../lib/gcc/arm-none-eabi/13.3.1/thumb/v7e-m+fp/hard/crtbegin.o
                [!provide]                        PROVIDE (__fini_array_end = .)
                0x08018170                        . = ALIGN (0x4)
                0x08018170                        _sidata = LOADADDR (.data)

.rel.dyn        0x08018170        0x0
 .rel.iplt      0x08018170        0x0 D:/STM32CubeIDE_1.19.0/STM32CubeIDE/plugins/com.st.stm32cube.ide.mcu.externaltools.gnu-tools-for-stm32.13.3.rel1.win32_1.0.0.202411081344/tools/bin/../lib/gcc/arm-none-eabi/13.3.1/thumb/v7e-m+fp/hard/crtbegin.o

.data           0x20000000       0xfc load address 0x08018170
                0x20000000                        . = ALIGN (0x4)
                0x20000000                        _sdata = .
 *(.data)
 *(.data*)
 .data.SystemCoreClock
                0x20000000        0x4 ./Core/Src/system_stm32f4xx.o
                0x20000000                SystemCoreClock
 .data.uwTickPrio
                0x20000004        0x4 ./Drivers/STM32F4xx_HAL_Driver/Src/stm32f4xx_hal.o
                0x20000004                uwTickPrio
 .data.uwTickFreq
                0x20000008        0x1 ./Drivers/STM32F4xx_HAL_Driver/Src/stm32f4xx_hal.o
                0x20000008                uwTickFreq
 *fill*         0x20000009        0x3 
 .data.USBD_CDC_DeviceQualifierDesc
                0x2000000c        0xa ./Middlewares/ST/STM32_USB_Device_Library/Class/CDC/Src/usbd_cdc.o
 *fill*         0x20000016        0x2 
 .data.USBD_CDC
                0x20000018       0x38 ./Middlewares/ST/STM32_USB_Device_Library/Class/CDC/Src/usbd_cdc.o
                0x20000018                USBD_CDC
 .data.USBD_CDC_CfgDesc
                0x20000050       0x43 ./Middlewares/ST/STM32_USB_Device_Library/Class/CDC/Src/usbd_cdc.o
 .data.CDCInEpAdd
                0x20000093        0x1 ./Middlewares/ST/STM32_USB_Device_Library/Class/CDC/Src/usbd_cdc.o
 .data.CDCOutEpAdd
                0x20000094        0x1 ./Middlewares/ST/STM32_USB_Device_Library/Class/CDC/Src/usbd_cdc.o
 .data.CDCCmdEpAdd
                0x20000095        0x1 ./Middlewares/ST/STM32_USB_Device_Library/Class/CDC/Src/usbd_cdc.o
 *fill*         0x20000096        0x2 
 .data.USBD_Interface_fops_FS
                0x20000098       0x14 ./USB_DEVICE/App/usbd_cdc_if.o
                0x20000098                USBD_Interface_fops_FS
 .data.FS_Desc  0x200000ac       0x1c ./USB_DEVICE/App/usbd_desc.o
                0x200000ac                FS_Desc
 .data.USBD_FS_DeviceDesc
                0x200000c8       0x12 ./USB_DEVICE/App/usbd_desc.o
                0x200000c8                USBD_FS_DeviceDesc
 *fill*         0x200000da        0x2 
 .data.USBD_LangIDDesc
                0x200000dc        0x4 ./USB_DEVICE/App/usbd_desc.o
                0x200000dc                USBD_LangIDDesc
 .data.USBD_StringSerial
                0x200000e0       0x1a ./USB_DEVICE/App/usbd_desc.o
                0x200000e0                USBD_StringSerial
 *(.RamFunc)
 *(.RamFunc*)
                0x200000fc                        . = ALIGN (0x4)
 *fill*         0x200000fa        0x2 
                0x200000fc                        _edata = .
                0x0801826c                        _siccmram = LOADADDR (.ccmram)

.igot.plt       0x200000fc        0x0 load address 0x0801826c
 .igot.plt      0x200000fc        0x0 D:/STM32CubeIDE_1.19.0/STM32CubeIDE/plugins/com.st.stm32cube.ide.mcu.externaltools.gnu-tools-for-stm32.13.3.rel1.win32_1.0.0.202411081344/tools/bin/../lib/gcc/arm-none-eabi/13.3.1/thumb/v7e-m+fp/hard/crtbegin.o

.ccmram         0x10000000        0x0 load address 0x0801826c
                0x10000000                        . = ALIGN (0x4)
                0x10000000                        _sccmram = .
 *(.ccmram)
 *(.ccmram*)
                0x10000000                        . = ALIGN (0x4)
                0x10000000                        _eccmram = .
                0x10000000                        . = ALIGN (0x4)

.bss            0x200000fc     0x1cf8
                0x200000fc                        _sbss = .
                0x200000fc                        __bss_start__ = _sbss
 *(.bss)
 .bss           0x200000fc       0x1c D:/STM32CubeIDE_1.19.0/STM32CubeIDE/plugins/com.st.stm32cube.ide.mcu.externaltools.gnu-tools-for-stm32.13.3.rel1.win32_1.0.0.202411081344/tools/bin/../lib/gcc/arm-none-eabi/13.3.1/thumb/v7e-m+fp/hard/crtbegin.o
 *(.bss*)
 .bss.hi2c1     0x20000118       0x54 ./Core/Src/main.o
                0x20000118                hi2c1
 .bss.hi2s3     0x2000016c       0x48 ./Core/Src/main.o
                0x2000016c                hi2s3
 .bss.hspi1     0x200001b4       0x58 ./Core/Src/main.o
                0x200001b4                hspi1
 .bss.uwTick    0x2000020c        0x4 ./Drivers/STM32F4xx_HAL_Driver/Src/stm32f4xx_hal.o
                0x2000020c                uwTick
 .bss.cfgidx.0  0x20000210        0x1 ./Middlewares/ST/STM32_USB_Device_Library/Core/Src/usbd_ctlreq.o
 *fill*         0x20000211        0x3 
 .bss.hUsbDeviceFS
                0x20000214      0x2dc ./USB_DEVICE/App/usb_device.o
                0x20000214                hUsbDeviceFS
 .bss.UserRxBufferFS
                0x200004f0      0x800 ./USB_DEVICE/App/usbd_cdc_if.o
                0x200004f0                UserRxBufferFS
 .bss.UserTxBufferFS
                0x20000cf0      0x800 ./USB_DEVICE/App/usbd_cdc_if.o
                0x20000cf0                UserTxBufferFS
 .bss.USBD_StrDesc
                0x200014f0      0x200 ./USB_DEVICE/App/usbd_desc.o
                0x200014f0                USBD_StrDesc
 .bss.hpcd_USB_OTG_FS
                0x200016f0      0x4e4 ./USB_DEVICE/Target/usbd_conf.o
                0x200016f0                hpcd_USB_OTG_FS
 .bss.mem.0     0x20001bd4      0x220 ./USB_DEVICE/Target/usbd_conf.o
 *(COMMON)
                0x20001df4                        . = ALIGN (0x4)
                0x20001df4                        _ebss = .
                0x20001df4                        __bss_end__ = _ebss

._user_heap_stack
                0x20001df4      0x604
                0x20001df8                        . = ALIGN (0x8)
 *fill*         0x20001df4        0x4 
                [!provide]                        PROVIDE (end = .)
                0x20001df8                        PROVIDE (_end = .)
                0x20001ff8                        . = (. + _Min_Heap_Size)
 *fill*         0x20001df8      0x200 
                0x200023f8                        . = (. + _Min_Stack_Size)
 *fill*         0x20001ff8      0x400 
                0x200023f8                        . = ALIGN (0x8)

/DISCARD/
 libc.a(*)
 libm.a(*)
 libgcc.a(*)

.ARM.attributes
                0x00000000       0x30
 *(.ARM.attributes)
 .ARM.attributes
                0x00000000       0x22 D:/STM32CubeIDE_1.19.0/STM32CubeIDE/plugins/com.st.stm32cube.ide.mcu.externaltools.gnu-tools-for-stm32.13.3.rel1.win32_1.0.0.202411081344/tools/bin/../lib/gcc/arm-none-eabi/13.3.1/thumb/v7e-m+fp/hard/crti.o
 .ARM.attributes
                0x00000022       0x34 D:/STM32CubeIDE_1.19.0/STM32CubeIDE/plugins/com.st.stm32cube.ide.mcu.externaltools.gnu-tools-for-stm32.13.3.rel1.win32_1.0.0.202411081344/tools/bin/../lib/gcc/arm-none-eabi/13.3.1/thumb/v7e-m+fp/hard/crtbegin.o
 .ARM.attributes
                0x00000056       0x34 ./Core/Src/main.o
 .ARM.attributes
                0x0000008a       0x34 ./Core/Src/stm32f4xx_hal_msp.o
 .ARM.attributes
                0x000000be       0x34 ./Core/Src/stm32f4xx_it.o
 .ARM.attributes
                0x000000f2       0x34 ./Core/Src/system_stm32f4xx.o
 .ARM.attributes
                0x00000126       0x21 ./Core/Startup/startup_stm32f407vgtx.o
 .ARM.attributes
                0x00000147       0x34 ./Drivers/STM32F4xx_HAL_Driver/Src/stm32f4xx_hal.o
 .ARM.attributes
                0x0000017b       0x34 ./Drivers/STM32F4xx_HAL_Driver/Src/stm32f4xx_hal_cortex.o
 .ARM.attributes
                0x000001af       0x34 ./Drivers/STM32F4xx_HAL_Driver/Src/stm32f4xx_hal_gpio.o
 .ARM.attributes
                0x000001e3       0x34 ./Drivers/STM32F4xx_HAL_Driver/Src/stm32f4xx_hal_i2c.o
 .ARM.attributes
                0x00000217       0x34 ./Drivers/STM32F4xx_HAL_Driver/Src/stm32f4xx_hal_i2s.o
 .ARM.attributes
                0x0000024b       0x34 ./Drivers/STM32F4xx_HAL_Driver/Src/stm32f4xx_hal_i2s_ex.o
 .ARM.attributes
                0x0000027f       0x34 ./Drivers/STM32F4xx_HAL_Driver/Src/stm32f4xx_hal_pcd.o
 .ARM.attributes
                0x000002b3       0x34 ./Drivers/STM32F4xx_HAL_Driver/Src/stm32f4xx_hal_pcd_ex.o
 .ARM.attributes
                0x000002e7       0x34 ./Drivers/STM32F4xx_HAL_Driver/Src/stm32f4xx_hal_rcc.o
 .ARM.attributes
                0x0000031b       0x34 ./Drivers/STM32F4xx_HAL_Driver/Src/stm32f4xx_hal_rcc_ex.o
 .ARM.attributes
                0x0000034f       0x34 ./Drivers/STM32F4xx_HAL_Driver/Src/stm32f4xx_hal_spi.o
 .ARM.attributes
                0x00000383       0x34 ./Drivers/STM32F4xx_HAL_Driver/Src/stm32f4xx_ll_usb.o
 .ARM.attributes
                0x000003b7       0x34 ./Middlewares/ST/STM32_USB_Device_Library/Class/CDC/Src/usbd_cdc.o
 .ARM.attributes
                0x000003eb       0x34 ./Middlewares/ST/STM32_USB_Device_Library/Core/Src/usbd_core.o
 .ARM.attributes
                0x0000041f       0x34 ./Middlewares/ST/STM32_USB_Device_Library/Core/Src/usbd_ctlreq.o
 .ARM.attributes
                0x00000453       0x34 ./Middlewares/ST/STM32_USB_Device_Library/Core/Src/usbd_ioreq.o
 .ARM.attributes
                0x00000487       0x34 ./USB_DEVICE/App/usb_device.o
 .ARM.attributes
                0x000004bb       0x34 ./USB_DEVICE/App/usbd_cdc_if.o
 .ARM.attributes
                0x000004ef       0x34 ./USB_DEVICE/App/usbd_desc.o
 .ARM.attributes
                0x00000523       0x34 ./USB_DEVICE/Target/usbd_conf.o
 .ARM.attributes
                0x00000557       0x34 D:/STM32CubeIDE_1.19.0/STM32CubeIDE/plugins/com.st.stm32cube.ide.mcu.externaltools.gnu-tools-for-stm32.13.3.rel1.win32_1.0.0.202411081344/tools/bin/../lib/gcc/arm-none-eabi/13.3.1/../../../../arm-none-eabi/lib/thumb/v7e-m+fp/hard\libc_nano.a(libc_a-memset.o)
 .ARM.attributes
                0x0000058b       0x34 D:/STM32CubeIDE_1.19.0/STM32CubeIDE/plugins/com.st.stm32cube.ide.mcu.externaltools.gnu-tools-for-stm32.13.3.rel1.win32_1.0.0.202411081344/tools/bin/../lib/gcc/arm-none-eabi/13.3.1/../../../../arm-none-eabi/lib/thumb/v7e-m+fp/hard\libc_nano.a(libc_a-init.o)
 .ARM.attributes
                0x000005bf       0x22 D:/STM32CubeIDE_1.19.0/STM32CubeIDE/plugins/com.st.stm32cube.ide.mcu.externaltools.gnu-tools-for-stm32.13.3.rel1.win32_1.0.0.202411081344/tools/bin/../lib/gcc/arm-none-eabi/13.3.1/thumb/v7e-m+fp/hard\libgcc.a(_aeabi_uldivmod.o)
 .ARM.attributes
                0x000005e1       0x34 D:/STM32CubeIDE_1.19.0/STM32CubeIDE/plugins/com.st.stm32cube.ide.mcu.externaltools.gnu-tools-for-stm32.13.3.rel1.win32_1.0.0.202411081344/tools/bin/../lib/gcc/arm-none-eabi/13.3.1/thumb/v7e-m+fp/hard\libgcc.a(_udivmoddi4.o)
 .ARM.attributes
                0x00000615       0x22 D:/STM32CubeIDE_1.19.0/STM32CubeIDE/plugins/com.st.stm32cube.ide.mcu.externaltools.gnu-tools-for-stm32.13.3.rel1.win32_1.0.0.202411081344/tools/bin/../lib/gcc/arm-none-eabi/13.3.1/thumb/v7e-m+fp/hard\libgcc.a(_dvmd_tls.o)
 .ARM.attributes
                0x00000637       0x22 D:/STM32CubeIDE_1.19.0/STM32CubeIDE/plugins/com.st.stm32cube.ide.mcu.externaltools.gnu-tools-for-stm32.13.3.rel1.win32_1.0.0.202411081344/tools/bin/../lib/gcc/arm-none-eabi/13.3.1/thumb/v7e-m+fp/hard/crtn.o
OUTPUT(DFU_Application_Proj.elf elf32-littlearm)
LOAD linker stubs
LOAD D:/STM32CubeIDE_1.19.0/STM32CubeIDE/plugins/com.st.stm32cube.ide.mcu.externaltools.gnu-tools-for-stm32.13.3.rel1.win32_1.0.0.202411081344/tools/bin/../lib/gcc/arm-none-eabi/13.3.1/../../../../arm-none-eabi/lib/thumb/v7e-m+fp/hard\libc.a
LOAD D:/STM32CubeIDE_1.19.0/STM32CubeIDE/plugins/com.st.stm32cube.ide.mcu.externaltools.gnu-tools-for-stm32.13.3.rel1.win32_1.0.0.202411081344/tools/bin/../lib/gcc/arm-none-eabi/13.3.1/../../../../arm-none-eabi/lib/thumb/v7e-m+fp/hard\libm.a
LOAD D:/STM32CubeIDE_1.19.0/STM32CubeIDE/plugins/com.st.stm32cube.ide.mcu.externaltools.gnu-tools-for-stm32.13.3.rel1.win32_1.0.0.202411081344/tools/bin/../lib/gcc/arm-none-eabi/13.3.1/thumb/v7e-m+fp/hard\libgcc.a

.debug_info     0x00000000    0x14392
 .debug_info    0x00000000     0x10f5 ./Core/Src/main.o
 .debug_info    0x000010f5      0xfdc ./Core/Src/stm32f4xx_hal_msp.o
 .debug_info    0x000020d1      0x627 ./Core/Src/stm32f4xx_it.o
 .debug_info    0x000026f8      0x512 ./Core/Src/system_stm32f4xx.o
 .debug_info    0x00002c0a       0x30 ./Core/Startup/startup_stm32f407vgtx.o
 .debug_info    0x00002c3a      0x944 ./Drivers/STM32F4xx_HAL_Driver/Src/stm32f4xx_hal.o
 .debug_info    0x0000357e      0xd8c ./Drivers/STM32F4xx_HAL_Driver/Src/stm32f4xx_hal_cortex.o
 .debug_info    0x0000430a      0x6c3 ./Drivers/STM32F4xx_HAL_Driver/Src/stm32f4xx_hal_gpio.o
 .debug_info    0x000049cd     0x2415 ./Drivers/STM32F4xx_HAL_Driver/Src/stm32f4xx_hal_i2c.o
 .debug_info    0x00006de2      0xe02 ./Drivers/STM32F4xx_HAL_Driver/Src/stm32f4xx_hal_i2s.o
 .debug_info    0x00007be4      0xaae ./Drivers/STM32F4xx_HAL_Driver/Src/stm32f4xx_hal_i2s_ex.o
 .debug_info    0x00008692     0x156f ./Drivers/STM32F4xx_HAL_Driver/Src/stm32f4xx_hal_pcd.o
 .debug_info    0x00009c01      0x6ea ./Drivers/STM32F4xx_HAL_Driver/Src/stm32f4xx_hal_pcd_ex.o
 .debug_info    0x0000a2eb      0x8c3 ./Drivers/STM32F4xx_HAL_Driver/Src/stm32f4xx_hal_rcc.o
 .debug_info    0x0000abae      0x536 ./Drivers/STM32F4xx_HAL_Driver/Src/stm32f4xx_hal_rcc_ex.o
 .debug_info    0x0000b0e4     0x1525 ./Drivers/STM32F4xx_HAL_Driver/Src/stm32f4xx_hal_spi.o
 .debug_info    0x0000c609     0x1993 ./Drivers/STM32F4xx_HAL_Driver/Src/stm32f4xx_ll_usb.o
 .debug_info    0x0000df9c     0x12b1 ./Middlewares/ST/STM32_USB_Device_Library/Class/CDC/Src/usbd_cdc.o
 .debug_info    0x0000f24d      0xe12 ./Middlewares/ST/STM32_USB_Device_Library/Core/Src/usbd_core.o
 .debug_info    0x0001005f      0xaeb ./Middlewares/ST/STM32_USB_Device_Library/Core/Src/usbd_ctlreq.o
 .debug_info    0x00010b4a      0x762 ./Middlewares/ST/STM32_USB_Device_Library/Core/Src/usbd_ioreq.o
 .debug_info    0x000112ac      0x70e ./USB_DEVICE/App/usb_device.o
 .debug_info    0x000119ba      0x907 ./USB_DEVICE/App/usbd_cdc_if.o
 .debug_info    0x000122c1      0x458 ./USB_DEVICE/App/usbd_desc.o
 .debug_info    0x00012719     0x1c79 ./USB_DEVICE/Target/usbd_conf.o

.debug_abbrev   0x00000000     0x36ce
 .debug_abbrev  0x00000000      0x26f ./Core/Src/main.o
 .debug_abbrev  0x0000026f      0x228 ./Core/Src/stm32f4xx_hal_msp.o
 .debug_abbrev  0x00000497      0x1a4 ./Core/Src/stm32f4xx_it.o
 .debug_abbrev  0x0000063b      0x11a ./Core/Src/system_stm32f4xx.o
 .debug_abbrev  0x00000755       0x24 ./Core/Startup/startup_stm32f407vgtx.o
 .debug_abbrev  0x00000779      0x214 ./Drivers/STM32F4xx_HAL_Driver/Src/stm32f4xx_hal.o
 .debug_abbrev  0x0000098d      0x31d ./Drivers/STM32F4xx_HAL_Driver/Src/stm32f4xx_hal_cortex.o
 .debug_abbrev  0x00000caa      0x1d4 ./Drivers/STM32F4xx_HAL_Driver/Src/stm32f4xx_hal_gpio.o
 .debug_abbrev  0x00000e7e      0x2ad ./Drivers/STM32F4xx_HAL_Driver/Src/stm32f4xx_hal_i2c.o
 .debug_abbrev  0x0000112b      0x25d ./Drivers/STM32F4xx_HAL_Driver/Src/stm32f4xx_hal_i2s.o
 .debug_abbrev  0x00001388      0x276 ./Drivers/STM32F4xx_HAL_Driver/Src/stm32f4xx_hal_i2s_ex.o
 .debug_abbrev  0x000015fe      0x2b9 ./Drivers/STM32F4xx_HAL_Driver/Src/stm32f4xx_hal_pcd.o
 .debug_abbrev  0x000018b7      0x1da ./Drivers/STM32F4xx_HAL_Driver/Src/stm32f4xx_hal_pcd_ex.o
 .debug_abbrev  0x00001a91      0x2b7 ./Drivers/STM32F4xx_HAL_Driver/Src/stm32f4xx_hal_rcc.o
 .debug_abbrev  0x00001d48      0x1b0 ./Drivers/STM32F4xx_HAL_Driver/Src/stm32f4xx_hal_rcc_ex.o
 .debug_abbrev  0x00001ef8      0x27a ./Drivers/STM32F4xx_HAL_Driver/Src/stm32f4xx_hal_spi.o
 .debug_abbrev  0x00002172      0x2b3 ./Drivers/STM32F4xx_HAL_Driver/Src/stm32f4xx_ll_usb.o
 .debug_abbrev  0x00002425      0x2d2 ./Middlewares/ST/STM32_USB_Device_Library/Class/CDC/Src/usbd_cdc.o
 .debug_abbrev  0x000026f7      0x27c ./Middlewares/ST/STM32_USB_Device_Library/Core/Src/usbd_core.o
 .debug_abbrev  0x00002973      0x26f ./Middlewares/ST/STM32_USB_Device_Library/Core/Src/usbd_ctlreq.o
 .debug_abbrev  0x00002be2      0x19a ./Middlewares/ST/STM32_USB_Device_Library/Core/Src/usbd_ioreq.o
 .debug_abbrev  0x00002d7c      0x195 ./USB_DEVICE/App/usb_device.o
 .debug_abbrev  0x00002f11      0x29d ./USB_DEVICE/App/usbd_cdc_if.o
 .debug_abbrev  0x000031ae      0x1e1 ./USB_DEVICE/App/usbd_desc.o
 .debug_abbrev  0x0000338f      0x33f ./USB_DEVICE/Target/usbd_conf.o

.debug_aranges  0x00000000     0x11e8
 .debug_aranges
                0x00000000       0x50 ./Core/Src/main.o
 .debug_aranges
                0x00000050       0x50 ./Core/Src/stm32f4xx_hal_msp.o
 .debug_aranges
                0x000000a0       0x68 ./Core/Src/stm32f4xx_it.o
 .debug_aranges
                0x00000108       0x28 ./Core/Src/system_stm32f4xx.o
 .debug_aranges
                0x00000130       0x28 ./Core/Startup/startup_stm32f407vgtx.o
 .debug_aranges
                0x00000158       0xf0 ./Drivers/STM32F4xx_HAL_Driver/Src/stm32f4xx_hal.o
 .debug_aranges
                0x00000248      0x130 ./Drivers/STM32F4xx_HAL_Driver/Src/stm32f4xx_hal_cortex.o
 .debug_aranges
                0x00000378       0x58 ./Drivers/STM32F4xx_HAL_Driver/Src/stm32f4xx_hal_gpio.o
 .debug_aranges
                0x000003d0      0x2a8 ./Drivers/STM32F4xx_HAL_Driver/Src/stm32f4xx_hal_i2c.o
 .debug_aranges
                0x00000678      0x108 ./Drivers/STM32F4xx_HAL_Driver/Src/stm32f4xx_hal_i2s.o
 .debug_aranges
                0x00000780       0x88 ./Drivers/STM32F4xx_HAL_Driver/Src/stm32f4xx_hal_i2s_ex.o
 .debug_aranges
                0x00000808      0x148 ./Drivers/STM32F4xx_HAL_Driver/Src/stm32f4xx_hal_pcd.o
 .debug_aranges
                0x00000950       0x38 ./Drivers/STM32F4xx_HAL_Driver/Src/stm32f4xx_hal_pcd_ex.o
 .debug_aranges
                0x00000988       0x88 ./Drivers/STM32F4xx_HAL_Driver/Src/stm32f4xx_hal_rcc.o
 .debug_aranges
                0x00000a10       0x48 ./Drivers/STM32F4xx_HAL_Driver/Src/stm32f4xx_hal_rcc_ex.o
 .debug_aranges
                0x00000a58      0x1d0 ./Drivers/STM32F4xx_HAL_Driver/Src/stm32f4xx_hal_spi.o
 .debug_aranges
                0x00000c28      0x1a0 ./Drivers/STM32F4xx_HAL_Driver/Src/stm32f4xx_ll_usb.o
 .debug_aranges
                0x00000dc8       0x90 ./Middlewares/ST/STM32_USB_Device_Library/Class/CDC/Src/usbd_cdc.o
 .debug_aranges
                0x00000e58       0xd8 ./Middlewares/ST/STM32_USB_Device_Library/Core/Src/usbd_core.o
 .debug_aranges
                0x00000f30       0x90 ./Middlewares/ST/STM32_USB_Device_Library/Core/Src/usbd_ctlreq.o
 .debug_aranges
                0x00000fc0       0x50 ./Middlewares/ST/STM32_USB_Device_Library/Core/Src/usbd_ioreq.o
 .debug_aranges
                0x00001010       0x20 ./USB_DEVICE/App/usb_device.o
 .debug_aranges
                0x00001030       0x48 ./USB_DEVICE/App/usbd_cdc_if.o
 .debug_aranges
                0x00001078       0x60 ./USB_DEVICE/App/usbd_desc.o
 .debug_aranges
                0x000010d8      0x110 ./USB_DEVICE/Target/usbd_conf.o

.debug_rnglists
                0x00000000      0xda3
 .debug_rnglists
                0x00000000       0x39 ./Core/Src/main.o
 .debug_rnglists
                0x00000039       0x3a ./Core/Src/stm32f4xx_hal_msp.o
 .debug_rnglists
                0x00000073       0x49 ./Core/Src/stm32f4xx_it.o
 .debug_rnglists
                0x000000bc       0x1a ./Core/Src/system_stm32f4xx.o
 .debug_rnglists
                0x000000d6       0x19 ./Core/Startup/startup_stm32f407vgtx.o
 .debug_rnglists
                0x000000ef       0xaf ./Drivers/STM32F4xx_HAL_Driver/Src/stm32f4xx_hal.o
 .debug_rnglists
                0x0000019e       0xe0 ./Drivers/STM32F4xx_HAL_Driver/Src/stm32f4xx_hal_cortex.o
 .debug_rnglists
                0x0000027e       0x3f ./Drivers/STM32F4xx_HAL_Driver/Src/stm32f4xx_hal_gpio.o
 .debug_rnglists
                0x000002bd      0x23c ./Drivers/STM32F4xx_HAL_Driver/Src/stm32f4xx_hal_i2c.o
 .debug_rnglists
                0x000004f9       0xcc ./Drivers/STM32F4xx_HAL_Driver/Src/stm32f4xx_hal_i2s.o
 .debug_rnglists
                0x000005c5       0x6a ./Drivers/STM32F4xx_HAL_Driver/Src/stm32f4xx_hal_i2s_ex.o
 .debug_rnglists
                0x0000062f       0xfa ./Drivers/STM32F4xx_HAL_Driver/Src/stm32f4xx_hal_pcd.o
 .debug_rnglists
                0x00000729       0x26 ./Drivers/STM32F4xx_HAL_Driver/Src/stm32f4xx_hal_pcd_ex.o
 .debug_rnglists
                0x0000074f       0x66 ./Drivers/STM32F4xx_HAL_Driver/Src/stm32f4xx_hal_rcc.o
 .debug_rnglists
                0x000007b5       0x35 ./Drivers/STM32F4xx_HAL_Driver/Src/stm32f4xx_hal_rcc_ex.o
 .debug_rnglists
                0x000007ea      0x16f ./Drivers/STM32F4xx_HAL_Driver/Src/stm32f4xx_hal_spi.o
 .debug_rnglists
                0x00000959      0x147 ./Drivers/STM32F4xx_HAL_Driver/Src/stm32f4xx_ll_usb.o
 .debug_rnglists
                0x00000aa0       0x6c ./Middlewares/ST/STM32_USB_Device_Library/Class/CDC/Src/usbd_cdc.o
 .debug_rnglists
                0x00000b0c       0xa1 ./Middlewares/ST/STM32_USB_Device_Library/Core/Src/usbd_core.o
 .debug_rnglists
                0x00000bad       0x6e ./Middlewares/ST/STM32_USB_Device_Library/Core/Src/usbd_ctlreq.o
 .debug_rnglists
                0x00000c1b       0x37 ./Middlewares/ST/STM32_USB_Device_Library/Core/Src/usbd_ioreq.o
 .debug_rnglists
                0x00000c52       0x13 ./USB_DEVICE/App/usb_device.o
 .debug_rnglists
                0x00000c65       0x32 ./USB_DEVICE/App/usbd_cdc_if.o
 .debug_rnglists
                0x00000c97       0x43 ./USB_DEVICE/App/usbd_desc.o
 .debug_rnglists
                0x00000cda       0xc9 ./USB_DEVICE/Target/usbd_conf.o

.debug_macro    0x00000000    0x24001
 .debug_macro   0x00000000      0x384 ./Core/Src/main.o
 .debug_macro   0x00000384      0xad8 ./Core/Src/main.o
 .debug_macro   0x00000e5c      0x2a7 ./Core/Src/main.o
 .debug_macro   0x00001103       0x2e ./Core/Src/main.o
 .debug_macro   0x00001131       0x2f ./Core/Src/main.o
 .debug_macro   0x00001160       0x22 ./Core/Src/main.o
 .debug_macro   0x00001182       0x8e ./Core/Src/main.o
 .debug_macro   0x00001210       0x51 ./Core/Src/main.o
 .debug_macro   0x00001261      0x103 ./Core/Src/main.o
 .debug_macro   0x00001364       0x6a ./Core/Src/main.o
 .debug_macro   0x000013ce      0x1df ./Core/Src/main.o
 .debug_macro   0x000015ad       0x1c ./Core/Src/main.o
 .debug_macro   0x000015c9       0x22 ./Core/Src/main.o
 .debug_macro   0x000015eb       0xfb ./Core/Src/main.o
 .debug_macro   0x000016e6     0x1011 ./Core/Src/main.o
 .debug_macro   0x000026f7      0x11f ./Core/Src/main.o
 .debug_macro   0x00002816    0x15ea5 ./Core/Src/main.o
 .debug_macro   0x000186bb       0x6d ./Core/Src/main.o
 .debug_macro   0x00018728     0x3693 ./Core/Src/main.o
 .debug_macro   0x0001bdbb      0x190 ./Core/Src/main.o
 .debug_macro   0x0001bf4b       0x5c ./Core/Src/main.o
 .debug_macro   0x0001bfa7      0x980 ./Core/Src/main.o
 .debug_macro   0x0001c927      0x9e9 ./Core/Src/main.o
 .debug_macro   0x0001d310      0x115 ./Core/Src/main.o
 .debug_macro   0x0001d425      0x13e ./Core/Src/main.o
 .debug_macro   0x0001d563       0xa5 ./Core/Src/main.o
 .debug_macro   0x0001d608      0x174 ./Core/Src/main.o
 .debug_macro   0x0001d77c      0x287 ./Core/Src/main.o
 .debug_macro   0x0001da03       0x5f ./Core/Src/main.o
 .debug_macro   0x0001da62      0x236 ./Core/Src/main.o
 .debug_macro   0x0001dc98      0x12c ./Core/Src/main.o
 .debug_macro   0x0001ddc4      0x21e ./Core/Src/main.o
 .debug_macro   0x0001dfe2       0x2e ./Core/Src/main.o
 .debug_macro   0x0001e010      0x1b5 ./Core/Src/main.o
 .debug_macro   0x0001e1c5       0xd6 ./Core/Src/main.o
 .debug_macro   0x0001e29b      0x1a7 ./Core/Src/main.o
 .debug_macro   0x0001e442       0x46 ./Core/Src/main.o
 .debug_macro   0x0001e488       0x4a ./Core/Src/main.o
 .debug_macro   0x0001e4d2      0x127 ./Core/Src/main.o
 .debug_macro   0x0001e5f9       0x7e ./Core/Src/main.o
 .debug_macro   0x0001e677       0x89 ./Core/Src/main.o
 .debug_macro   0x0001e700      0x225 ./Core/Src/main.o
 .debug_macro   0x0001e925      0x293 ./Core/Src/main.o
 .debug_macro   0x0001ebb8       0xba ./Core/Src/main.o
 .debug_macro   0x0001ec72      0x12d ./Core/Src/main.o
 .debug_macro   0x0001ed9f      0x184 ./Core/Src/main.o
 .debug_macro   0x0001ef23       0x61 ./Core/Src/main.o
 .debug_macro   0x0001ef84       0x2a ./Core/Src/main.o
 .debug_macro   0x0001efae       0x43 ./Core/Src/main.o
 .debug_macro   0x0001eff1       0x34 ./Core/Src/main.o
 .debug_macro   0x0001f025       0x16 ./Core/Src/main.o
 .debug_macro   0x0001f03b       0x3c ./Core/Src/main.o
 .debug_macro   0x0001f077      0x370 ./Core/Src/main.o
 .debug_macro   0x0001f3e7       0x10 ./Core/Src/main.o
 .debug_macro   0x0001f3f7       0x16 ./Core/Src/main.o
 .debug_macro   0x0001f40d       0x4a ./Core/Src/main.o
 .debug_macro   0x0001f457       0x34 ./Core/Src/main.o
 .debug_macro   0x0001f48b       0x10 ./Core/Src/main.o
 .debug_macro   0x0001f49b       0x58 ./Core/Src/main.o
 .debug_macro   0x0001f4f3       0x8e ./Core/Src/main.o
 .debug_macro   0x0001f581       0x1c ./Core/Src/main.o
 .debug_macro   0x0001f59d      0x185 ./Core/Src/main.o
 .debug_macro   0x0001f722       0x16 ./Core/Src/main.o
 .debug_macro   0x0001f738       0x16 ./Core/Src/main.o
 .debug_macro   0x0001f74e      0x146 ./Core/Src/main.o
 .debug_macro   0x0001f894       0x16 ./Core/Src/main.o
 .debug_macro   0x0001f8aa       0x16 ./Core/Src/main.o
 .debug_macro   0x0001f8c0       0x29 ./Core/Src/main.o
 .debug_macro   0x0001f8e9       0x16 ./Core/Src/main.o
 .debug_macro   0x0001f8ff       0x20 ./Core/Src/main.o
 .debug_macro   0x0001f91f       0x65 ./Core/Src/main.o
 .debug_macro   0x0001f984      0x20f ./Core/Src/main.o
 .debug_macro   0x0001fb93      0x220 ./Core/Src/stm32f4xx_hal_msp.o
 .debug_macro   0x0001fdb3      0x22a ./Core/Src/stm32f4xx_it.o
 .debug_macro   0x0001ffdd      0x229 ./Core/Src/system_stm32f4xx.o
 .debug_macro   0x00020206      0x271 ./Drivers/STM32F4xx_HAL_Driver/Src/stm32f4xx_hal.o
 .debug_macro   0x00020477      0x211 ./Drivers/STM32F4xx_HAL_Driver/Src/stm32f4xx_hal_cortex.o
 .debug_macro   0x00020688      0x217 ./Drivers/STM32F4xx_HAL_Driver/Src/stm32f4xx_hal_gpio.o
 .debug_macro   0x0002089f      0x25f ./Drivers/STM32F4xx_HAL_Driver/Src/stm32f4xx_hal_i2c.o
 .debug_macro   0x00020afe      0x219 ./Drivers/STM32F4xx_HAL_Driver/Src/stm32f4xx_hal_i2s.o
 .debug_macro   0x00020d17      0x211 ./Drivers/STM32F4xx_HAL_Driver/Src/stm32f4xx_hal_i2s_ex.o
 .debug_macro   0x00020f28      0x21d ./Drivers/STM32F4xx_HAL_Driver/Src/stm32f4xx_hal_pcd.o
 .debug_macro   0x00021145      0x211 ./Drivers/STM32F4xx_HAL_Driver/Src/stm32f4xx_hal_pcd_ex.o
 .debug_macro   0x00021356      0x235 ./Drivers/STM32F4xx_HAL_Driver/Src/stm32f4xx_hal_rcc.o
 .debug_macro   0x0002158b      0x211 ./Drivers/STM32F4xx_HAL_Driver/Src/stm32f4xx_hal_rcc_ex.o
 .debug_macro   0x0002179c      0x220 ./Drivers/STM32F4xx_HAL_Driver/Src/stm32f4xx_hal_spi.o
 .debug_macro   0x000219bc      0x211 ./Drivers/STM32F4xx_HAL_Driver/Src/stm32f4xx_ll_usb.o
 .debug_macro   0x00021bcd      0x3af ./Middlewares/ST/STM32_USB_Device_Library/Class/CDC/Src/usbd_cdc.o
 .debug_macro   0x00021f7c       0x9e ./Middlewares/ST/STM32_USB_Device_Library/Class/CDC/Src/usbd_cdc.o
 .debug_macro   0x0002201a      0x112 ./Middlewares/ST/STM32_USB_Device_Library/Class/CDC/Src/usbd_cdc.o
 .debug_macro   0x0002212c       0x56 ./Middlewares/ST/STM32_USB_Device_Library/Class/CDC/Src/usbd_cdc.o
 .debug_macro   0x00022182       0x95 ./Middlewares/ST/STM32_USB_Device_Library/Class/CDC/Src/usbd_cdc.o
 .debug_macro   0x00022217      0x396 ./Middlewares/ST/STM32_USB_Device_Library/Core/Src/usbd_core.o
 .debug_macro   0x000225ad      0x215 ./Middlewares/ST/STM32_USB_Device_Library/Core/Src/usbd_core.o
 .debug_macro   0x000227c2      0x3a0 ./Middlewares/ST/STM32_USB_Device_Library/Core/Src/usbd_ctlreq.o
 .debug_macro   0x00022b62      0x39c ./Middlewares/ST/STM32_USB_Device_Library/Core/Src/usbd_ioreq.o
 .debug_macro   0x00022efe      0x3cf ./USB_DEVICE/App/usb_device.o
 .debug_macro   0x000232cd      0x18a ./USB_DEVICE/App/usb_device.o
 .debug_macro   0x00023457       0x22 ./USB_DEVICE/App/usb_device.o
 .debug_macro   0x00023479       0x16 ./USB_DEVICE/App/usb_device.o
 .debug_macro   0x0002348f      0x3ba ./USB_DEVICE/App/usbd_cdc_if.o
 .debug_macro   0x00023849       0x10 ./USB_DEVICE/App/usbd_cdc_if.o
 .debug_macro   0x00023859      0x3d9 ./USB_DEVICE/App/usbd_desc.o
 .debug_macro   0x00023c32       0x1c ./USB_DEVICE/App/usbd_desc.o
 .debug_macro   0x00023c4e      0x3b3 ./USB_DEVICE/Target/usbd_conf.o

.debug_line     0x00000000    0x1886e
 .debug_line    0x00000000      0xbb0 ./Core/Src/main.o
 .debug_line    0x00000bb0      0x8c5 ./Core/Src/stm32f4xx_hal_msp.o
 .debug_line    0x00001475      0x878 ./Core/Src/stm32f4xx_it.o
 .debug_line    0x00001ced      0x82d ./Core/Src/system_stm32f4xx.o
 .debug_line    0x0000251a       0x7a ./Core/Startup/startup_stm32f407vgtx.o
 .debug_line    0x00002594      0xaa3 ./Drivers/STM32F4xx_HAL_Driver/Src/stm32f4xx_hal.o
 .debug_line    0x00003037      0xd73 ./Drivers/STM32F4xx_HAL_Driver/Src/stm32f4xx_hal_cortex.o
 .debug_line    0x00003daa      0xbfb ./Drivers/STM32F4xx_HAL_Driver/Src/stm32f4xx_hal_gpio.o
 .debug_line    0x000049a5     0x3b50 ./Drivers/STM32F4xx_HAL_Driver/Src/stm32f4xx_hal_i2c.o
 .debug_line    0x000084f5     0x13fb ./Drivers/STM32F4xx_HAL_Driver/Src/stm32f4xx_hal_i2s.o
 .debug_line    0x000098f0     0x12fb ./Drivers/STM32F4xx_HAL_Driver/Src/stm32f4xx_hal_i2s_ex.o
 .debug_line    0x0000abeb     0x14ee ./Drivers/STM32F4xx_HAL_Driver/Src/stm32f4xx_hal_pcd.o
 .debug_line    0x0000c0d9      0x86c ./Drivers/STM32F4xx_HAL_Driver/Src/stm32f4xx_hal_pcd_ex.o
 .debug_line    0x0000c945      0xeb2 ./Drivers/STM32F4xx_HAL_Driver/Src/stm32f4xx_hal_rcc.o
 .debug_line    0x0000d7f7      0xb12 ./Drivers/STM32F4xx_HAL_Driver/Src/stm32f4xx_hal_rcc_ex.o
 .debug_line    0x0000e309     0x1d3e ./Drivers/STM32F4xx_HAL_Driver/Src/stm32f4xx_hal_spi.o
 .debug_line    0x00010047     0x1dd7 ./Drivers/STM32F4xx_HAL_Driver/Src/stm32f4xx_ll_usb.o
 .debug_line    0x00011e1e      0xf0d ./Middlewares/ST/STM32_USB_Device_Library/Class/CDC/Src/usbd_cdc.o
 .debug_line    0x00012d2b      0xfc5 ./Middlewares/ST/STM32_USB_Device_Library/Core/Src/usbd_core.o
 .debug_line    0x00013cf0     0x1187 ./Middlewares/ST/STM32_USB_Device_Library/Core/Src/usbd_ctlreq.o
 .debug_line    0x00014e77      0xacc ./Middlewares/ST/STM32_USB_Device_Library/Core/Src/usbd_ioreq.o
 .debug_line    0x00015943      0xa92 ./USB_DEVICE/App/usb_device.o
 .debug_line    0x000163d5      0xae5 ./USB_DEVICE/App/usbd_cdc_if.o
 .debug_line    0x00016eba      0xb3b ./USB_DEVICE/App/usbd_desc.o
 .debug_line    0x000179f5      0xe79 ./USB_DEVICE/Target/usbd_conf.o

.debug_str      0x00000000    0xca9f8
 .debug_str     0x00000000    0xca9f8 ./Core/Src/main.o
                              0xc5d5a (size before relaxing)
 .debug_str     0x000ca9f8    0xc1934 ./Core/Src/stm32f4xx_hal_msp.o
 .debug_str     0x000ca9f8    0xc12e9 ./Core/Src/stm32f4xx_it.o
 .debug_str     0x000ca9f8    0xc0a0c ./Core/Src/system_stm32f4xx.o
 .debug_str     0x000ca9f8       0x8c ./Core/Startup/startup_stm32f407vgtx.o
 .debug_str     0x000ca9f8    0xc1527 ./Drivers/STM32F4xx_HAL_Driver/Src/stm32f4xx_hal.o
 .debug_str     0x000ca9f8    0xc12a3 ./Drivers/STM32F4xx_HAL_Driver/Src/stm32f4xx_hal_cortex.o
 .debug_str     0x000ca9f8    0xc0b1e ./Drivers/STM32F4xx_HAL_Driver/Src/stm32f4xx_hal_gpio.o
 .debug_str     0x000ca9f8    0xc19c1 ./Drivers/STM32F4xx_HAL_Driver/Src/stm32f4xx_hal_i2c.o
 .debug_str     0x000ca9f8    0xc0f94 ./Drivers/STM32F4xx_HAL_Driver/Src/stm32f4xx_hal_i2s.o
 .debug_str     0x000ca9f8    0xc0e96 ./Drivers/STM32F4xx_HAL_Driver/Src/stm32f4xx_hal_i2s_ex.o
 .debug_str     0x000ca9f8    0xc1481 ./Drivers/STM32F4xx_HAL_Driver/Src/stm32f4xx_hal_pcd.o
 .debug_str     0x000ca9f8    0xc0d71 ./Drivers/STM32F4xx_HAL_Driver/Src/stm32f4xx_hal_pcd_ex.o
 .debug_str     0x000ca9f8    0xc0dd7 ./Drivers/STM32F4xx_HAL_Driver/Src/stm32f4xx_hal_rcc.o
 .debug_str     0x000ca9f8    0xc0af5 ./Drivers/STM32F4xx_HAL_Driver/Src/stm32f4xx_hal_rcc_ex.o
 .debug_str     0x000ca9f8    0xc1261 ./Drivers/STM32F4xx_HAL_Driver/Src/stm32f4xx_hal_spi.o
 .debug_str     0x000ca9f8    0xc135c ./Drivers/STM32F4xx_HAL_Driver/Src/stm32f4xx_ll_usb.o
 .debug_str     0x000ca9f8    0xc605c ./Middlewares/ST/STM32_USB_Device_Library/Class/CDC/Src/usbd_cdc.o
 .debug_str     0x000ca9f8    0xc59b5 ./Middlewares/ST/STM32_USB_Device_Library/Core/Src/usbd_core.o
 .debug_str     0x000ca9f8    0xc57e0 ./Middlewares/ST/STM32_USB_Device_Library/Core/Src/usbd_ctlreq.o
 .debug_str     0x000ca9f8    0xc56b5 ./Middlewares/ST/STM32_USB_Device_Library/Core/Src/usbd_ioreq.o
 .debug_str     0x000ca9f8    0xc5a68 ./USB_DEVICE/App/usb_device.o
 .debug_str     0x000ca9f8    0xc5aa8 ./USB_DEVICE/App/usbd_cdc_if.o
 .debug_str     0x000ca9f8    0xc55ad ./USB_DEVICE/App/usbd_desc.o
 .debug_str     0x000ca9f8    0xc68aa ./USB_DEVICE/Target/usbd_conf.o

.comment        0x00000000       0x43
 .comment       0x00000000       0x43 ./Core/Src/main.o
                                 0x44 (size before relaxing)
 .comment       0x00000043       0x44 ./Core/Src/stm32f4xx_hal_msp.o
 .comment       0x00000043       0x44 ./Core/Src/stm32f4xx_it.o
 .comment       0x00000043       0x44 ./Core/Src/system_stm32f4xx.o
 .comment       0x00000043       0x44 ./Drivers/STM32F4xx_HAL_Driver/Src/stm32f4xx_hal.o
 .comment       0x00000043       0x44 ./Drivers/STM32F4xx_HAL_Driver/Src/stm32f4xx_hal_cortex.o
 .comment       0x00000043       0x44 ./Drivers/STM32F4xx_HAL_Driver/Src/stm32f4xx_hal_gpio.o
 .comment       0x00000043       0x44 ./Drivers/STM32F4xx_HAL_Driver/Src/stm32f4xx_hal_i2c.o
 .comment       0x00000043       0x44 ./Drivers/STM32F4xx_HAL_Driver/Src/stm32f4xx_hal_i2s.o
 .comment       0x00000043       0x44 ./Drivers/STM32F4xx_HAL_Driver/Src/stm32f4xx_hal_i2s_ex.o
 .comment       0x00000043       0x44 ./Drivers/STM32F4xx_HAL_Driver/Src/stm32f4xx_hal_pcd.o
 .comment       0x00000043       0x44 ./Drivers/STM32F4xx_HAL_Driver/Src/stm32f4xx_hal_pcd_ex.o
 .comment       0x00000043       0x44 ./Drivers/STM32F4xx_HAL_Driver/Src/stm32f4xx_hal_rcc.o
 .comment       0x00000043       0x44 ./Drivers/STM32F4xx_HAL_Driver/Src/stm32f4xx_hal_rcc_ex.o
 .comment       0x00000043       0x44 ./Drivers/STM32F4xx_HAL_Driver/Src/stm32f4xx_hal_spi.o
 .comment       0x00000043       0x44 ./Drivers/STM32F4xx_HAL_Driver/Src/stm32f4xx_ll_usb.o
 .comment       0x00000043       0x44 ./Middlewares/ST/STM32_USB_Device_Library/Class/CDC/Src/usbd_cdc.o
 .comment       0x00000043       0x44 ./Middlewares/ST/STM32_USB_Device_Library/Core/Src/usbd_core.o
 .comment       0x00000043       0x44 ./Middlewares/ST/STM32_USB_Device_Library/Core/Src/usbd_ctlreq.o
 .comment       0x00000043       0x44 ./Middlewares/ST/STM32_USB_Device_Library/Core/Src/usbd_ioreq.o
 .comment       0x00000043       0x44 ./USB_DEVICE/App/usb_device.o
 .comment       0x00000043       0x44 ./USB_DEVICE/App/usbd_cdc_if.o
 .comment       0x00000043       0x44 ./USB_DEVICE/App/usbd_desc.o
 .comment       0x00000043       0x44 ./USB_DEVICE/Target/usbd_conf.o

.debug_frame    0x00000000     0x4a34
 .debug_frame   0x00000000       0xe0 ./Core/Src/main.o
 .debug_frame   0x000000e0      0x10c ./Core/Src/stm32f4xx_hal_msp.o
 .debug_frame   0x000001ec      0x120 ./Core/Src/stm32f4xx_it.o
 .debug_frame   0x0000030c       0x58 ./Core/Src/system_stm32f4xx.o
 .debug_frame   0x00000364      0x374 ./Drivers/STM32F4xx_HAL_Driver/Src/stm32f4xx_hal.o
 .debug_frame   0x000006d8      0x508 ./Drivers/STM32F4xx_HAL_Driver/Src/stm32f4xx_hal_cortex.o
 .debug_frame   0x00000be0      0x14c ./Drivers/STM32F4xx_HAL_Driver/Src/stm32f4xx_hal_gpio.o
 .debug_frame   0x00000d2c      0xc84 ./Drivers/STM32F4xx_HAL_Driver/Src/stm32f4xx_hal_i2c.o
 .debug_frame   0x000019b0      0x484 ./Drivers/STM32F4xx_HAL_Driver/Src/stm32f4xx_hal_i2s.o
 .debug_frame   0x00001e34      0x220 ./Drivers/STM32F4xx_HAL_Driver/Src/stm32f4xx_hal_i2s_ex.o
 .debug_frame   0x00002054      0x5b8 ./Drivers/STM32F4xx_HAL_Driver/Src/stm32f4xx_hal_pcd.o
 .debug_frame   0x0000260c       0xb0 ./Drivers/STM32F4xx_HAL_Driver/Src/stm32f4xx_hal_pcd_ex.o
 .debug_frame   0x000026bc      0x1f4 ./Drivers/STM32F4xx_HAL_Driver/Src/stm32f4xx_hal_rcc.o
 .debug_frame   0x000028b0       0xf0 ./Drivers/STM32F4xx_HAL_Driver/Src/stm32f4xx_hal_rcc_ex.o
 .debug_frame   0x000029a0      0x828 ./Drivers/STM32F4xx_HAL_Driver/Src/stm32f4xx_hal_spi.o
 .debug_frame   0x000031c8      0x7c0 ./Drivers/STM32F4xx_HAL_Driver/Src/stm32f4xx_ll_usb.o
 .debug_frame   0x00003988      0x23c ./Middlewares/ST/STM32_USB_Device_Library/Class/CDC/Src/usbd_cdc.o
 .debug_frame   0x00003bc4      0x390 ./Middlewares/ST/STM32_USB_Device_Library/Core/Src/usbd_core.o
 .debug_frame   0x00003f54      0x23c ./Middlewares/ST/STM32_USB_Device_Library/Core/Src/usbd_ctlreq.o
 .debug_frame   0x00004190      0x10c ./Middlewares/ST/STM32_USB_Device_Library/Core/Src/usbd_ioreq.o
 .debug_frame   0x0000429c       0x2c ./USB_DEVICE/App/usb_device.o
 .debug_frame   0x000042c8       0xe4 ./USB_DEVICE/App/usbd_cdc_if.o
 .debug_frame   0x000043ac      0x160 ./USB_DEVICE/App/usbd_desc.o
 .debug_frame   0x0000450c      0x47c ./USB_DEVICE/Target/usbd_conf.o
 .debug_frame   0x00004988       0x20 D:/STM32CubeIDE_1.19.0/STM32CubeIDE/plugins/com.st.stm32cube.ide.mcu.externaltools.gnu-tools-for-stm32.13.3.rel1.win32_1.0.0.202411081344/tools/bin/../lib/gcc/arm-none-eabi/13.3.1/../../../../arm-none-eabi/lib/thumb/v7e-m+fp/hard\libc_nano.a(libc_a-memset.o)
 .debug_frame   0x000049a8       0x2c D:/STM32CubeIDE_1.19.0/STM32CubeIDE/plugins/com.st.stm32cube.ide.mcu.externaltools.gnu-tools-for-stm32.13.3.rel1.win32_1.0.0.202411081344/tools/bin/../lib/gcc/arm-none-eabi/13.3.1/../../../../arm-none-eabi/lib/thumb/v7e-m+fp/hard\libc_nano.a(libc_a-init.o)
 .debug_frame   0x000049d4       0x2c D:/STM32CubeIDE_1.19.0/STM32CubeIDE/plugins/com.st.stm32cube.ide.mcu.externaltools.gnu-tools-for-stm32.13.3.rel1.win32_1.0.0.202411081344/tools/bin/../lib/gcc/arm-none-eabi/13.3.1/thumb/v7e-m+fp/hard\libgcc.a(_aeabi_uldivmod.o)
 .debug_frame   0x00004a00       0x34 D:/STM32CubeIDE_1.19.0/STM32CubeIDE/plugins/com.st.stm32cube.ide.mcu.externaltools.gnu-tools-for-stm32.13.3.rel1.win32_1.0.0.202411081344/tools/bin/../lib/gcc/arm-none-eabi/13.3.1/thumb/v7e-m+fp/hard\libgcc.a(_udivmoddi4.o)

.debug_line_str
                0x00000000       0x70
 .debug_line_str
                0x00000000       0x70 ./Core/Startup/startup_stm32f407vgtx.o
